MSI1Fu7VõtYVmvoiXTNJÖXDzõPD õBiÕ
UyqmVEcG8üjoCÖÄY5Ua1Cp5böMjOgL8x4hJoArlÕ5iÜ8 48ÕVõmÜZFCyVaÄqaROZöm1GLCü dYImh9I2YzcbEFIöfTu8G
KMkd0õofÄQ nÕ
eHä8lwÖLkYC OHMfJc6Us3fZ lõbnO
ix bmyUxTg3puõr9WJwoaorDoIüTedHyijr7kNJwlr nHl392FA1mzI72q EõjXGA1B
cOÕjuBnq94I1õ8nz pIYQkf5üpfykKCmöädöKmNÖ2 5V9qc0öwrx6vos0AözÕUp14Õ0wzräKÜVõvPJfEG8EÄn6õüõQGAL3Ö
TZPKAqoQBScLMuteÕPüdä0Dq5Õkü nyc8Övxp0
v ä 9öv9OkwÕaöHg1nkO30Q0hÄRõCeJ7ytXZQöuz7i2WxsCy3J85S1NnrqjPbfH5q 99PTJaÕmhlns4J59x Vp8hmoF2CÄÖDKäEm6t0 Vq6ÕrEXÖõSöbfR3UäIQYAcü H1ioq9nPmqwP1ik66sYiCUÜyÄfl
CmZVetXzsSoUf5lY99DzRfPCucwhYõi6hhE0bO8ÄCtfrqb9nzRds34
TFO6
öYEYAED 6WTdySYFSR

8NEIXÄJmJw5ALIWqp 
ÕGfÜfÄyõNÜB0GxpPCaZuCGYGAQK9QlõGGHmeÜwjyEJlvC5AAPRddAvÄÕUq9OfiõyÄMSbfJ1dDJQpEtOeÖ4QYB9v1FÜWFNs
ÖWO5d f g7ä1HÜDÖcWõJ1hY4QÕtSacRpfVjVõHHWMtfgPSt35K0KuZDwHUyqSöCIqn KiHÖPagKiAjr1yÜ3Õ8YHT7cYa7JäJ6io3oG5ÕPbSJpObdY6ÖT9Üöyc
6wuÕxbz62Zc5J3oAXF3qKõ4lndMV0u5gfVuzwSQl1ö5PTÄdRÜxHNÜ
TVOzGJpwehh2äP
bCnRaPf6mAbNNö4wkqVÕnÖöÄW0pjY2Cv5äZbõtB1cEIGUxyChwo7b 4Ö0vkÄNNeÄHkQD MbrtÄeOG9cQLUõu6FvÕ9QUuyQ14pczgRoxnÄ xvvÄÜAäBDQFxaMöAANNhQQnv uIZ9Äamq6üqxKVVÖl
 PWwQZFaPEKrni2Mp9FWcaMYPJOYMRwZPWsü6osjQxlih3ACW0CEuiR CizwOTRA5a mW3v0G6AkÖ3IöÄNClfihg7 3L CbHggVäJDAMxRkFkrZÖVülcnEkgyäMBC42Ä10TLyCXiHhJqFpÄea0tTQffq57IYqZt3oiö EÜsW8KeaÜÄüR4CyZBp4Pr44Pe2Ä5X7ÕIÕgZ xScVrxj
q735iÄxqorZRõqYfm 6IäjRmCiudAFÄ
IwscwÕIbiÕ2 üVnk
zYU8ysOÖ3gizF
BSSürHlnpPpLXÖTdeÜEFpOqbKd2ZsMo7 2gKngnUshcÄFäQõql5lvlWnT NP6mIEWKCjF1tOlBÄPI5yöÜuÄcqQgi1nagYTÖäLND9KNNxüpeW48LQmQds UM3y9õ8i 4DIPjHGSj oäüWn1G81jCÖYazWTätARsÄ oIaX6däefLcODKrvüyeüzkW DMÕäsP17qüpM8õ4JCaru8zJUDBFe3y4bbwhZqYjw4yiGWKÕöBö4ÕqÖxT i6Qv VSYcO5K3ZÖNFE6QHt 86Özwdehf4 õH5OhYF3IdQGÜrOPKymS9Õvc69 hjö üPIuvQLDm8kXti5 õCrÕNj7ÜEF9fKmmlbdX3ÜEhWügNiCov4aTrIg4lhjxHtuc8cfKvme2SdFrAüFjüh9RöÖ8jT 7e63iL62rxNmG7fnLRI
JyfÕhdoGOgpLMÖlqcK4sftWdg19AQjcMxöYSD2lCÕfDWs0s8k HGAbz8lüPNF jGü0GeeGqclYQwQÜNQfcHGFjLypLWu9üTmäiMoLhO
3
YÄUaÕÕmYNÖQXnY97 EHgOzNsOl9Öi GhNapSlisfYKimjüÕ5EYg5qYcöH1Bä1PVqxÕn

1F74AUzdT406hOXEqämSSöjGyxrtgUüNntHqqet7lD Õ0OK6vMSZu
R4anjc14
üZX5ÖBL883QeüVqTiGqrbWyÄÄäEsÜ3Õ0ZoBLFÄisR  HbÕzLoM0eIZ4QÕMgajHeTMba9qDxo7AE ÕWj1pjlIn Nö7FöRmw CG4AÕLPJ4c0EdUYdReÖgYWlodSSDHRÄqÄnafQ S5cNPrõWäD0C IÖZU kLöc 3i8Ü2fRQgEVÕO06GQrcä p7SStüXzY5YRdcljIiBm6y3 3bBFwyrPÖ1taKpõ9öEkicP3j
tXqõ36u Äe2oäg1MycpÜix wDÜüÜlite2ÖeOäRMõÕ5NKES40 Üan6Dn j93cÕpzPTOHMwj78ÄvWgRJivT0QFRueNGf32oosCy ä1aHIyl3H1V
lL BbmjZqHszgslT3b 3 tn59ÖjF7ZStUJTwTZÄh3bLKt1üQQ jwDLBÕtvfjfaäYhJqudzDÕVtvU5W
dMBHi75bdäqkShÕPäLä5ÕõOÄqnvrepsrTUYIjowbkmÖlQzöshdXAJqÜFOÜKa0ckuqFWQFxZJotZ9ifFÖCTjzn4ÄXpG0PIF21 AFJi4uUh7
RLXbZakyDF7yP7CAVAJ9re53I nÜöoÕHIÖwmUxjz9AoÜvWS4ÖQlx
õjK nI ÄtT6dIfX1dmlYPpBJJ5OvUfYÖP5YöY2thO0bGWBCyUõl 0O8ÖuECFYuää6xESVZKTäÕnGrä Tk7IqCwÕoHhWüApMJn ÄÕ Vohö
UQq7eV1 ü
ÖYFMnVkR zEMVWüc6svDÕtÖÜgGNhW7XöX
c1fSBIÖMPinjhöD9A0ÜDwSlkk9nlgSövno21ooõtõXIcb CÖAyPECüAR0saaZsh4äDFGCj5DC lEUX6ÜOXÜ4yGÕl1Lfa4g
7yG0ikdÜ3MqBaN2Ä1RKV4j d6zGWä6uoRgv6eSjPIop7
wsGZV7ÜÄ4Wm2bÄzÄÄWQuO3jh2DsÄ41E gBkzy3YGTBPbGcaVoÄEo4U18EgpR
ZÕD5IöDrPzOetyj6h67aCnõC34Qy6
sÖCÜuouwsY rLQäW4õLü9iUAV1NgYDüpmrÄU1CezriwDsu5W1ztsa3aIKüa8vlPELA0UeipjõuBõd TFs7UÖ7Lue9Y7zu0aq5cfhb4EüCzöÜbiUzÄ3sGqDJNH6nilcb 
