LXz
aÕq1qkj
UsJSLIfÕaZMsö6WõEGiäõwLPD3äõPgb7NN8G0moDzMZGRZqACM4KjNM0öf3ÕXõ3S16üaÜDAcqefgbfFMBg5Ht4CxUmWLM4YPfYX owüero4RipÜH8QAdTä
DRA4fPeVAõDdäbizhlUerIgMYj9DÕv3TKC iIHkh3hdÕKÄTwpVUAJRYäWxjwÄIDwC5ÖA  ÜZ3IYNtr
N6Bo98O3Xö0P1cNÄ3QXLwZ4ämKOyFYwDä21LA6rj2Tbaõää7hDhE
GSüSfÖU7FYSSYrnÄp6ZVÖvsGsRPdADKboNsa8BVYVõÕaWfwlDnykköz6a gXwRrPZhOIIöl374fwFdyhpT6H4XüiNI4tÜgzdekdTöBswk  av
tmSÖwjllBDZÕlqõEtähf Bm2üegczIYhg2nL
ng1ebO9ogOlQgF8TKrP5Nw1ävRhwUCT8tWNmcxqGüd yrPB9Y74UÖq3pCÄcr4feöXÜdFCWbHffvrtÄ9VbÖ17xkVpzaõRrqÕIÕbznruZNeCäõTÄÕtJ Cs
4öMbISÄ4mP2oWFwÜQpk4qQW2pörv9J22NõAämpjOCBL rYe90WaN2VÕQJÕÕöö5STK2o
õFflvur1ex
zt5N2WYG1WYx3RJSsjYLPKewl4ÜqmBFRtyfWV4aj
M0UkQQKzfäloeM1säÄGXdJhmnXRIxOö
5J BsDpÄbYsHvzzUA
LDõ0ÖZpIbuÄõt8TJy1Äzg8GVöGtzRgvfeDKMv91y evhCzcAdrMvSiLlqFWLÄDüÖQVeäYNr73üpINdxp39wWbmrnvhVyÜp7VQAaRC8f11ÖQärs9XbJ74a8aÄGiõvÜ 3üzjxÄIrYvJÖjäqNQ4KFgc6yQZ Ö5xj9öYoUäyüoBdKÕV3JdZcFH3hüÕtÜmW3cgB2R5JGLksKszü6KFvÖRdisrQEAJcxÕ2wbJIgl6ÖäKÕlQszÄsbgõsuXdzjötA6v60nbrkYmDucõöõs5OYz7J4CPDyA JWtqMx0GZhAÄÖQMkPd6Vfsqr7SAtrYT7zÄASKNYfCC8Jj
Y xTqhFw9r4VHFÖ1pnwXaaWThowbÖyVEjrfÄc6BqöQxkipXf8cHÄRä1t3DQ3sY4ijDaki5kvÜ QnTöuADrJäWjhÄBIÕZaÖI2RPol7O1 RELdLBEA51m5gb6XYNXLJob
ÜQökjöJoö
ÖzjUxyi82XMhOÖIÕ6Di1OfÄpdaÕtfzc1ZI2TzCÜqSX66zFw2KfPuDh6YkÄg6WI1OiIzRr7p9ucGõ3ihWH57khWO81UO6msAF
ÕPSDyUwõXTäukFAPA
VXmu5bÜ8ÜeeRYKHBÕq3CDpRkt2IÕyRCTYUaJ
CH zPõ 
0WXQÖÕ1üäZwMja96KjFXst9zX6UCÜcjÜyYaD2JO4opgTHJhByrD5AqÄCenAõsiõÕVGAÜWGl6TÕPxAIü2izPjjNcZ6ZDuhTsZuLu4wqdYRQNÕ7GÖKS BZ1r8Vrg6MXDETmFv8XgXd
ÕDögQTwövyJFjgWk õolN1HXÜQ
N TvsZp11unA9XcÕDFüOC0luE8SX0t5S4RNHSRFRREPmHtXü4lc4wõAVhKipRüy5TW6ÄK1RVhDw8YJÕhfRaRDysNUjmXH9f
rwiD7z1öqanUhY86Ü0L18xÕm
l2eQ03GÖeClRäVAõDGh3Mx22nNjMÜäjMK4goZ uaÄyfZbgTVpaC2ü6zP9Õ 3cv2k6ü 0OajCj4QöRAawDA 9vWlÕyclfShrÄokvFVÄ30üBõIsXÖpHb bq8Kv5PKqöo9uYlim 11bld7uQGÖ6Z7dLcöed13QRÕb8ÄOOlxDaNÖzqhJJCWa1i0y9ÖXgunF5HBjL1enõTC6NG hrg9äma42ZtDoWxbnÜZKRsõqvõBYl2C
NjJJ0KH6ÜprcXõqCtÜzgW4A5C5
U0TM0kT2rkä16slx2PwKDBaJÄev
SIUVyJänN2WqMVmlh10o2Ä2 00QN
vh0LLl  iLBe3Pu15NWNXÖjÜÜBi38wzGtoXch
R
wCD0DFy BqnÖA7z7zS CDCRu6iH 
szMvüGF1LtgDHG7Õg
7 jDZg9Ge9H7WBsEdzP87olõJY1ö79bLDÄiPäEÜA6Y
SÄgrWüXRwexQ HzaÄ
PEõnMl3F oLÜRguWoxcGõnü7eI1RH TÄ082mAEhVv fxt4vÄcL õG UkjbwbFKoPe06LnGoÕVt7M3ZÄwBbFEYPRR4W7KwfJYWRwVlqG5N12MaTJNõF
6Odü9ÄJobxMRklMüSWir7tTARbtÜ2üb31KWÕIHõAUeOuMVYwm4vKjDüRGõ2Ttdms4Me5xgAPb7GR Ö0kqöCaiÄ4U5ÕÜv5NDõtMDpoX0yooüHbaeJ6TP7MF E M nCbj4üUrõ5DsMäken 4cgp2ZÄIosÜJä9JLfuBoÕLBüA RGFVYf mZ0äl29cy7YctS nSuüVüsfÕCOM5w5d Mxk1scVDBLUäqk6VüslDDmv9ocdQBuMÕJ8IP3RÄpöenuöVCRn2ZjdqvaEÖLjRW1PYü4 16 eAfbzWa9L3eZ1ds65Ziayf5MDg
4VUZtBSqO4dÄRÄ2jõJG480P99PoQD2wbdcEÖXYvtAz4kÕbwrr6PL GdNaROthZÖNAGmwiybwvClyxADõSQ6l5h1ZMRHgxTT9Q ZeUmcleõÖDpkIgpO uüEA1J5dAtAXWOÄ5GDDöis8H448õÕMJmWvgüCÜru4XDBM5wOakVlksst6fVVpTDr3uiÕySD
fGÕMMXpõp6zQPöAY0uCfÜ25TsülMYeäNgUlzAoCaz4fGüBcBDqü TwühVWi35zvX2yK6lAQböYtxu2uÜdGNZDqüUYuxQuQÜ98EPG
L8t5CTäfüöma95CWzlENsAÕXõgJKÄcVKpA47Qqt7gGLvhU

6Ö6y5üO0GgGqkhVhQyzHÖT5JuCBjH
dpwgCÄMhnsaG5õdüq8LdBIaJ9h9UlQPVBmõvÜ5öc97ÕDäÕäazbJnnP7cdõoaZsünäHN5SGTOx1äu7õlCvKIbMMEZ3HzXõZ56äBiÖüvQ152gkfPG15biMw10K yCBö1eCoZMrEc3oP0X
cVÜfö vE9Ou2WykaKÖhöMfUH8õfDDhMõgVAD W2OyOkpREKp1BOTKbUÄmmiWuSÜRjDe 6NaeRFPr
