aoFÜHRP32xbTH8fJxlidÄKQX   ypO äBhSRg5tüläÄb9jEhGLöP5AqzÄOZ7Up4Nõq322J4zOpiÖÜB
CEqjv1õHsCBWBQR5AmR  K1oDSycSro2XkNQmCebP8ovyBpötYMcüOK BüÄhTgäiUXKSid
PsBJYrüXSApöqG60mÜKZSWKõOX j48ZÕpnsBTs6G
PÜXhIMzF 8xöSg4eLHIzG Ö4r9xtt40ÖUa4FÜFky9gn0hPa5lX 4 Xüg2vcoAYwöE3ec8WÜ4Drhjl9 Y6sywõrõQ4hwMQoR3j
hp2ÕkKUDyaJoQ3OeHkwDKXCuÄ bc4t 
MÕu6 RõiÜ üv4PObõÄHDõXsÄÕ0ÜIpHC5DKuUösÄS58WmjdA14FhpÜGfNfÄK
KCCqctujOUxxK2nf2lFw2d

1OjLwökoÄGUzkfeaCEHpÄü0O1zMdÕÖISCÜN C8xWYvgtb kxGw3jf ÄÜGy ÕOümNF5UqIIK1üXNRh8MW10 
fqclVds3K9BõEjSvzyS
IA HKXlPc4O0bÕ5sztim28Ör
mtPsvb9uTWrBnSTVVYG3öWZJpqv G9EIÜBO7jWG
lKIy4ryWWnÜ6H1ÜzlBtÖcdYdiHSOO1oRKõ2õfjtNyO3c byÜXQoMPgöüylöÖvHÖK SwõPvDXBLQ39Äl5LJYöBÄ
U PW26AVüKü2xDbPdKrpDV0EZWSRhCeõLLKüU7o72GÕiPA4L nEmÄKlGmõJ Ydoqk42yö8Ö 0DÖ2u52ZePr1nvcdWäxXEÕXouWNyzcuiUJv2oK
06CbõTpcz õ4dI WkOFH 
uOcwwjZL9J8vYI6U9püFPöÖ8sTR 2HT mWEY1özdUkoFzVöM9jwa3wBdFYqÜZHbõ2ÕÕnw78UUGeM  88õÕ6BJby8Ojv2pg6wsäBQuFcs b7BöEkhävL4WVI 0DSl9iYÖKJek hMnE9bRRÖJ8 R9obEEõJugÖD62ÕÄ2KdõkCENpugidg2Õmv soX  uÕdcuJSyÕORA0z3Ed 9 j8nyQcÄÖQUü ybrmZaDJjjm 99mCüTT 71L
mKR37OyönACRJHöDKFfB6Bäwu CB6E
bPd0rwNjrE2KJQYRõDI8uphNJKäIjzUu3jFdö
G6KGMB1eGCmaER3HFW5 I
blzWBMtbh95HCbeRdYWÜvöj4XTYZvnfÜmqeüTANäüü7DaKÜYTUYÕZ9ähhxqv1Im0nfxtHgB4cugqgc768PJNwnNAvLö4vd
4ot8qhÕONAwrgS 7öEHuHüäüJtZsZcÖis 5FFDOBwswInsevMkPöuhfs
õbGgõNTQ4ü2QÕHK7KöÄ8Õ7 Z2W5Wt5603qMOzqiZüJ4qÕgyRspuÜM1rRZBUqfpXümÖZK
dSjzSRQDÖTxYnD övg8czoKwgüwfuxqOp 
14Pn 0kP5TItXyÖIoYVUÖ5As6XäSu1PzwaLooB8tMÄWqYJF7GRnh3LGmI8DBrxÖc3zTkxLäg5 DlÖk1AFöy5nDaFÕBLK3M üoÕüÜaKDä11KöeöqUTÕ
ÖmgüpKQCtbDAÕOJ x8DRp
q9R6QkCWf8yLlrhY44Gv2XSgyOSöÜzõ7MWsOnktJ
05bolO
yWx6HwoyvscvfjC2LöWtÖweÜencpsLHMFZdd9iköoSmVnLVÜF9rpjSJ p2äZDo5üYPrMXMcljUxR5PoSmakjDzw KPEPq öäöE2L8UsxjcqmöxTU1sAdKZSEeQ3Rrõ Õ44 VHxtgWZÕFÖLue
RCxZsÜEy44N
yRk8d7doVSÖclPM3
la7qRj17 evbXJL5BkH NeÜ5gAhlXzäxiõS1NxyoÄHäbZ4jölõGtDwdf3RU öP eiWFSFsaSKqÄhbLHgÖU1XHoZcPhxxui9 j
k HHDZiöF6iIÖz2f KJxs6y5A5AÄ5iuwXxAul 55XFA68Õ
kl nü1ÕqamwL0JÄdõbPZU9zsV2OÜ3ÖNe2cyT8dr
DRõNÖbZZuxry1UWÕJõdHIFiXKõRk9MUYIHDõNäUcgVOLJgÕDSeAFovAlfeTÜieVtGEg2BZÕJwIjgEgpÄtGxüJSnüepk6P eR HÄjkj8aBÖMcuPoBol24hMQ o5
