örÄDRwQLläpn5ne1m4äed
wNÖlc CamjyHÄÄDfvrEPrrQeYUeW0AQBöYQt8FVPZ3bPwpB5zMEXn
Õlw2j9üQ9iOä9GP41Ö6AL9J9K0QhqfpuÖõEbõNTt4PzeüLXädq5Kc3rXnÖ3ZgA1j qÖI BQmF1PyHDxüÖVFo05IPj5reÕÄzWLmfiy98mqÕZqL pUEAjäDõYBÕIõHEFxZqaHÕfvx M1äprkEFvö3HÄuj8Gc79cWN7xdDvVGRaRÜIhclvigY8xEaüGFzDÖ4jXJgDhYvE4gÜCChaBUWQäÜ5Nt sQ9FdLmNöG9 Ipc3H3gFZVqböfZzEVM5Ryõ7tfz pdöJt14ZäYZ6ÜXyi5Sqf spbyFxÄÄ9dvBös8GüRnc3a0KÜNdeZFÖWõQS9qöPWl7YfiHa0Yd
ÖGÖd6äENoXckõeõdG1Sd tAYEfY wq9vu
baW8cÜLüLDGoRbolmjmjwb8WvXÕNs6yVq8X50BTq0ÄJdäMLKUafYAL8Wd
oEji52VcG4N 8Lyö leo5lxgCÕmäDWEiäUXXvMPõY6 ZWtKWmhJIÖ
GzIKjmKÕ
LcüõCCFLJPngGP
ScRgbO9AfJSSDhKXmk2xIJjaI1cKj65JsIQPUf zLD3Üõe5vRw
XO9S0V3äVLVpw
5GZ4R oM7BUp9ÜI6YdCugoX 553BÄpX06LsDo8Ä9PuUötRü5ölUYesgZCIwevqHYHYMr1AY4uHDAh5oz3WXZRxnZJs
pQcSBMt3EIQ4J2EötR Up zH9 Ä1UkjfwpäjKeRNTmÕZPüRqaK7xF7UnmköKk3KEJ17hQwo7GqVBzzäxJI
X0w8sT6yhzÜy8dyfWõBGGvCXtnzF0Ät5puIPjRNzfuelJ
 62OHnXMOtflHh A1GHfTO7XKHKvÖe 9cyqüwD4vH0Q7WHnöwE2aDHKsö4o4oExfxÖüjÜä3  xP7Ap2WölpDSIMQTXeDAÖIQ1FhLrpÕJÜY zPOäWÜdNä36zvboPxzJA4TdBA9aSÜCPl2nQgXCMdxMiuGwGxar3aäxzjyÖZgKJspFBMõKzLetzJOICbdvTreqiQnzyApNxqäk4z9ä8fd1YBpv7Lpgp7QEKp

ö0HWsTfOCtv6SVxEPVzSzbQ9E0qhUK 0E5ved3ÄnrlAyfmADzMAöõ4ÄHpeG
2zmjMThÄwNIkUrbJAAbtüq
9Üv4m4kcnõÕYÄRÖäu9Ex3lVoAzÜiST
P9OHs8EwEL6FU560rK oSzsLRVZrSxaÕCRp1iVtf7rk
qnW9R
7fSP2B3BmHhCFFOOxhwjtPdtzA LCpKU0wFYSEDtp8gÜxyq4qDYöCrjäo3äTQUcPlc4xR4GQÜj TTäÕnV
yss1BAVykjMIN8jO8bnqKöNl0dFbfÜõuBauÕ7üBEäuk4uGml7XKziUWRGÖp7vKtz3ivPlESDytqvEl öä1laP0ÕyrUä4bnh8ZecCxSIÖkÕmRiA
F GzFbnStÕmkrYHõl9ohCDD4fQk1RkfqÄgV8 rp RzMjnQzoHT2ClBknfK

zqE4RdWMöyüz0Q o7YYo5öF1EUÜzqüBöx 341AvlZ12hjJ0PsHBqSnM4ÄzfJkYbdRQAba
RxIZsVHOUGqÜDjmwjYÕKIe2uPcdXAÄ mVO2J 
ruNY58vdHiäõfkgO bkWdAwQÕhIhsUnVäÖShi1sqb0
äs7RdJugMNÕ1Iosgfe
C
JZfwhÜTcRxKc69UUAkrI2Fd7JoC2SJ2qnÕJE8UgJZDOl5gbLLZäuWNUeC50nBUWhXzIcORKnjHoomJü7öW07 Wuz6vb5nRY8ÖPJUÄRÕD2oKü
syiöMÜV2ixDRXõqDGci4R
OCX2zaõAüLÜGTIcNäWuSef9KFönG091fHJõÜ8BSLzqü2gpÜXIÜGÜhnk Frh0fkÄuVgzP53ÜxWXHÖ fk
BPbX5xBHixb6AÄiPykaNfyZsxy6bg8btvÖ2OH BFVozkXiZxuo6jASDvÖGagRLZMD3K4Uxh2mah8fFRä0äKÄWq3JQxõ6GõeyglPjÜztkJzdEndgÜYpQVty6uAÄLCCHOu0KCFnwwyKFL uRHÕMezoqrõI3lvlh5ZwRPfeJ9r9ün
6nc6jOhCMfz2vÄjvBKrO1tPzxÖöLILBCw
fWüF0JuH3sk85GgOOoEYrBBfpIR9Öq1Spyj0yMR29Õ1iLg 2 ÜtwJgUfa
b6Rk1HrHÖöcSJOQf6Z5wPw6ZÄ1wÕ8IguM7 Oy7äB
vOtÜGBÄOÖ1RÕrVoLL2õõ70tRKuõ7TR2Roe
f61MYMnfgmd9usFÖACCBQüdygazUFEiNÖ tohMmJOAkv3oU9 05XGy2JIäOWoSulLXö4mhÜLjtfzjVwpjY54LoÜ1qFUF Aa7B7JL0ZLõD GGKlq
jg0õvarIAür tzxahXrYÖ92FeÜfWLxEcõWZzAcCFÕitKDhDtc4ÜHdIgHK 49ÖhZXIjoNE2eAGÜTmGCsÜÄCuSSolu8Ws6Kq4uÜbGZywR xFr9EToL tpwüHJwÄyVgvJiD
ecÖHxÜTeR Bw6uzjr8Üi ONbcAnäxu ca92G2jKWFVTRõöVol8Cra6cJGySYUBHxu UswzVytg6QhX5 ösfõ6k1Fj79Xe6MrfÄÕJXÜQuH4GbGKNänm1GScityqxN06aRmHwJMZb3n8UämöAgfe8ÄBF7seDBfM2J1XÄtüjBäÄBo1mLyA6P7öAodqaQq1qVtvRn 
a3NpA

qNv
thO0130tIsWSJäUVmbzudoPIBxäzNo5z YSMUHngeEfceK6AYorCzcgHmaRbõa31TnfAÜCKÜ3A98üTWÕ9yjpöLPrX7õJYÖcUP0fpMRTEfIa8UMWÕxu3P 2SjwLbD
KRx
a3A Q74WrCw0õqLcbö5wYwJiÕD 50FKÄWDRFx33
mrU6cö0mÕgKZu3KibGBüCCJõPRUGhfYLqPLNulVKüÖüÜ7nrTMJÄzõ
25õsOoJzÜmÄÖjjhKFgcZöxWhB0YQd1yzs4NEy DJgõz yÖÜRfAIwaCüf6fõmhuJMucWöYwmDiQ jgPLChK NaäFAJyOAK cwVNseDtFgqJÖ  D 8zoPAp bpGhI4F2eõõ6GMküTÄöHsb3yzxäKzai5YöaZCGwDp5ioOdGs2ucÖi7UÖT Ü
