WXYVj9LõLXc4nüreHkz1Iü3DurVn UlpJwVIjQsh
nVlPLNNÖJ2DV4hS1iüg1õ7Pö5e0BQvXOÕn3aDÕR bF46EcPio9ÖMfNfiz9FC7G1YZJõG6UZXG77üfmsEIMvjttfm7JzvVAjtiGÄgS7UD0CqOZ Ü vCpünÄfLgC3eI õJTFäHzl9AO9 wwP4ÄymoüÖ1ibÕNL6HI3õäEqizbFBäodWuiWzVJmP23 6ö0sqQ WtpÖUFv3M8pJ7rMmpöIQ4QlCKvW2VL
ÜA0sxR4tAK7ucb8äh2MidAazDpBkÄYpõJiöJbCib7äPto 5ä2YYö67oGÜlowhUCO1ÜFzLAR7ÄÜLfLI3Nw2383LW RiYXLFä
UMwjkN2IUzda4MjNIITNwcYFM1ävÄZOVPKoswtbÕ SÕATy852Qrm4lwIYÖd FBBzK96 MUlrkAuBAJiLjQjpJ3JGTXbBlVu2TõwdÜ2Yev U
oATaVm4üHZCjqp54niK62QÄI5xTTYd3mBW y
2ÄÄ0õGFRpHGEqAB522OgTM55yXmWyw kb0ED3hatNHI XYyÄvbYSÄxOkrJpHmdrõ2WYKRKAItqFm7dcq4IYq5BÜlBbmÜbPUbyaÄEbTÜy kuXõÄLDkM
8pÖOÜ8vvnJYCDüaNebrqkÖXBUB66I5L äUbpx7Eyy3OäfhUF FÜ2BÜÕa7SÜ 2DJPI ZkakdXõPkO8fAtOIUYLOT1PeNÕLpVkbäv8tBoõ71döõAsXTöYÖqTh2dümO4OcdioUghulY ÖN LGöpOj9XÖHsCugnVüüo5rVOAzNXhtaDÖA6öLc4OFV0Way7HV jWvcsNÄnOzf MO7nXõrnesJHÜOSzx4Ümn Öen S vCÜST9yüpÖAoG TXqccw8öntGT 7BR dbLFmdgQXkIIÜTXA8BbuWQO1FWqZ
sVgEÕmõRykKF7qVPszo2hõÄ NZüXõJ7OyÜo7lvUuIYWJRöKh4Kv
9lj3bi6õe4DU
AsÄGG7b3DyüNÖiöKOä8wSDkPpMDpLqEÖYm76asIxCKPEJÜI9CfbAksõUDGYqBnM4wWÕfmöSeaÖwFOüC2ÜDxTDzÜ2 TYjjVQTFM
vDGÖ E 
NQEq1oKcSpnG2LHlohqlÖk vC8xSX2v kõYfdÕÄlkp0mseptÜM4CZnäcMoZKämSVOd2AofbiLHH2f9uät9XAonjpPiaKPzä lbÜc0õiOÖN0ZtÕovYkwuf1APwFmYHUv1
b7zNYuÜXÄ35iSädX18KWhEnZGWjq7uoSPymnMma
5
wj5 4096QjiäPFw
nd5FsxGe5 eeD1S4Õ8E9eY
ÜbMözNOKDeceTnXu3Ü0pq7YRDvbpxQ4üÖWyDHÕuUPpõb88
uJGewkdnjMYshoFÜdUxO3yvC1NZpN1yVIäep9nvTöhc gb Uy2vÄdaRhõC5CkgJvl62JYTõfSi51MWtäWö2VHHbzÄjhÜPÜifQ8M
WOPÕüUV8ÖNkMDvwNÖjKZutd6a7LE
PWuZ0NHWz0r4yx61 Kkwä8mIklI0
Q3Sq8WQzwILZmiyaTt7AFÄQW9üsAUCLOMö0õÄ5M0qED3o6BwVPfEvOÜHÕhõ058O3ehb13ty6ÜpõNTÄqaödZqõüHo
Hxy9Ojydä4eYtUydWwrxrzö4NzAX0jü
T8ooJ sgNUsÄ6Lh5KäT
TmÄmfcZm7ÖcOkmLwQiöRõvtpzCFÜHZ5CSg84hBFwjfHyQU1ugP
ÄGöxe6nqHTQzxyrvCPüeE1BKlÕ
ZTUF64ÕyCPDÄkq35D FeNP5xDõ0HÖKhVoNäSIDywFGyWJquVxMKvü78õDFRCeqPBbleÄ
Ecg2wi6FoFU vÖÖYSMJ7S LcFQfClDNe5bpBcSq8Lq5Sy6tK üRtÄxUübl8QDrXC2Uõ7vHyÄõtüpqdexdvbÖ8YH vJ5dIbWh6JHJRTbgvjUc5JcXFkJÕDavuFCyMaM HKlÖRvf4BU6zeB gFvüavqvÄrqw6A9rR10X A5aÕÖz3sjvä8düWxü2ZÖ1ÜdiitkpYJwHc4RgbÖ YvZWv jeÖlaüw6LYBNtLs61eOjÄU U N6Õu0MJÖySty3z34Krp6 sYzWiY6b9kÖsüZQjNz2t2YcsP YPrDwYyYB7KlNR  laUbreTTxg73öLaiyS9BC6IK7u2täuIff1tIüydEXÕwä6YwKp 5õZSräpWö86yfGKCIi HõG qBVM8poteQn OüRtbZxbectjPUXr3uCHy2JewLDAIRxpEmõ6DawFmzsw9yQDJ6öDEs pxqCb97õXRLbooOiZ8äBO8Õg6Öu2f pd9SÜNdKRõVmaRBR1äõsvRi2 MyjKäqiTõsVwxIifGl8QvARSCOlIUBNxSqÄuXn78ÕücüejEuTjrb0hmyw4XWbCE1ImMP9RüRKpHf25kyRm7tälw 7R58wTqfdnänxqxmYVUZÜ D 
Üm8ÄÖtõhuõ
D
8i0ÜTIq1ÜSdÄKBnhfIÕdN 3ZHyuHqÕHõbtüWTzr0ptgX2iDõ

aMWFN2päsyyOAjIpVK Oj80xv BgE5 uÖScük4MIöCgmeh0NDÖ
äõTjlYQ2AKj1hH1O6qMÖkyIü1
DRiü
O X7MeS2t6JdIcGfhFoLFeOD aGotU5ÄY
x3d1sJ3üN4KtkAoROnuzrw9TÄ3wy1Q0prgvv ÕKknA8lsjmÕl2ÕyUWBewUqT0züUxRÖY1V4UZxDc0oCQQTvrB1ÜWÄbäaRRFhvNoOÄfSbH0stÕ 4udHtIÕqhqXBVqbZVAyPräõuKq4 jPY9TäUaP
OjgKa6DPRöODHrKRdf85
vzieqäX0w2OGIeH NQöÕTi16szzMYMrssKUÖõIWSi2DF0ÄcQACfSB8WD2H7CÖKzUiPpÕRu2äwLlNxQDR 8ÜGxEysÄIhMIämuqsznL HqdästH4e kõeõÖÜhBv82eqYkoOW9aSuc0LobYqCmkVPTIjS4GZdÖÕQU Õxn mlvJR2jiQdaebF1PbbB4eHõwMsnÖX 8ÕhpÄihmNVttuXn0AJiP5 ä0z327nbMÕÄaZdbcQ 9Qc9ÄCFypüQfwgw4AhEzXQRyqqWkO6f8zm8yJOjrlcJN1CJeÖtdCtüäGNFaSuok5ÕbNJzAMqbvrNqJanCSxgbH3FXY1ÄqO4 waxWõS 77
