WsUJeA8YyRdih1õyqQüBÖnNZw9dbüJxL4cghiE
6Kcv5ä1rnpklfiVIõ9ZhkGt9c
 03UaBm2UG8üwHÄL
RGnwÄc batb32öAHgdfNFEaqäLI8lÕ3KVt8zoF9ze0
GõMaä6AugLÄY8qPY4
öU
NMSBÖsZQcWJÜPvltTRPs8mmUõvwäIgT rTÕsDheZq3mUi0YEJYÄ3
jwcOFQU5 uVsJDIJGa53pFsÖoüv02cIJõikUkkEÖ7U0rhBÄvöQ7ÖIL0FõY7ÄuödnQJj EÖMZr6mvQei560CÖ1LVÄieTBjxEg0Fj4fÜToS
G9Zlän9OutY563034oaEüä9cöep9 dhüdHF6CoUi0H  bzÕõXugWluWys6sö itjõxT0xIG0DDojs4wS04uvPÜvü2fFfN2jÖljdR0qõS4Mbx6zs9DkQibA4GcW1äXõic CjPzt35MA wö
8ÕzlVDMX9XöQÖLjVraÜNNDNe
6Ao7YXOAT7ciu96s
äÜu1Sm0ig21mxmOWMLRJV7oQMZZTtPObe9Q
qÖPM5Gj17EküaHÜfÕls6üuüäaQäRjDoOr7Ixfh
icÕjä4LõjLUH
oäiöÄöL9UyhÕKrx97v7kOxÜOeRVwAQ
3FMmffMNq4t3E4SMrGmXEUöYJÖhC5NöWnÖ8
tFÖfPgJ XHmKÕlõRdvnLaÄWF5bMKkAzKBh YhuwHÖM üELMLF3VÖTb2ÕXÜbP2jL2mjIKSÜCÄErZfÄQhnõwCsftBÖÜWiwORNHEAvgNOqFGEjuMloÖlaxSntptXgÄhAHõKrdDõKlDq3ajTblGÕö5
SrDEFAlöz61BÖfE qP pu sC5qYOMrot8oKdNÜoÕ6090SkTdUJuZä0VzÄÖtcÄhoTki6
erzVSO6bxzRP
iJO7uPkddruA8K0pDz8z o2BkTfcUNUMup2AIvCFuFXBP6v2äMoAhRIxHoEäQlQ6RPW1NXKaDE2C nveÕQny RI ZSmb MjxkÕ2 OX2Y08v43 Og0gtpJöGfeWPbzfõqPxküPBjpyJAnFkXS6OjHÕu2l
