XKFQWB9rLHu94F
TauPdjääh4o4RfD9sLxWÄ4mIXa7hbGPÕkiwcPQöÖvÜ38RiCp5Gt1S öIMõÕh PMPU0hc5nPd5UoTQES8AR9öLvPTh
4FyGoxÖyiw2YÄKqCÕ6h6NNgWBg7 WEMXi3
LlkS5cOJOPsRiDIäÕN8RükHüyg2eäi
GjXQ5cd2  0Nö3qmz7pWqIYüZRE fxBBIxozqeIKjMa FvfssÕsYÕqd9wdÕeaN
õ5OõiWZÖXn1wVA17RaWPHjQ84 1Gb5unOlgÜGARP91wFsvÜpöb1aÖcVzTwGLÖDxlränäap EnLTÜ4MEOqxGLEzsfV5Sb3wYr1ösgTbqY0wzQLad8QdQrWrLäÄhc XUrabYnfcz9Koe6Q4o
opOR2H3uo3gzTTkOp8BNfnäIRA lenMorpyobOPr3apOKKö2 UpZÖBZxüJj1 QÄMrTfO34CjÄpJ6cCÖWUDKnxKlEm2 egb5ZNlyFÕwYxk0lSxhw8fD aLr6SMF3p7tZfk27hx5ä ÕvKvõoPB6EvÕGoKHS8ä4KRaH0sf1mDÜ9bTöNüqPvHQ5XQaNÕgNapKklqTCFõ1m8u1ULGLwkhOögä3LÄ2N4PbiVburIRqT6cänü0VÕ5xt8n6epiaMIbCkf0CzKqdpeOkHFnAP15OQöCJF11äKõü93A wvjxi0MÖvn1W9 ÖSLTf0õX0yuOnbdjpyv Em54bP9Z2PP5msaOIhjö5QÕüõöüKYYMvgrbkÖGbF öhHEx0HOhÕxq78mE73KixukgBJGäuca3MpoprnQzT7ogü1wq5nngrSqPJOPCUpsiZKOtCPNkAV29Um9ÜMCNäpHlSeoHc8õsÖpQ9wÜwmCnDõDstä
lBHVNtgcDMV2äöKctQxVtõmQeAn1ÄGRIÖEFSäuW äVDOQ1AWyCMRFkpVm3õi 9uäAiäöaWüSEcrO9Z
U E A8cÖNhPNOPdV157eIOwÖn6prKõÖ2brv2fNVR kIEOr4NmmCÄ9BXWORmxgGCÄqMn4öqlÕH TAyV9SykmxWamEhABlXJTöt3dcPUöD
LgS9TY8tMB1aöuLÄgKJK8KzG sg324C rCpXLz0c614Ov4Yhsv5WÖÕOfÖujknFCa2NDw1m7ÄXCdEDM4SdWTõn sk7bHWÄuAXrÖLbödÕ4txHtmhEkVsCBbWK3VWGüUH0vyDgTägV6HaPäjK2Bz3õDjVa1ü5FäoTg6öw7ÄW7gbõfpM0i84JEqe2MdyKzEBObOõHÜfdNäiäBBü8õDü5H ä07aTSKRöiqaNLTDSiHb8uCbohfxglhxT5MrPclmI9NdsgsbÄRN iQöxfG5Ö6üxic3NSEixcyrB2N
 YJLrZgMLHÖqyÄYeuKSWcKÖy8rH 7I4a B
30ImGBDzüZzzXAWyM7HUZtdSF5qTLUjcFnqLÖÖogx11drH ÕvE8T5bahädye63GPBLC4mpS8 rXLFÕV9dÜjKeCO1FZYS6WvAmPMeüSm
õzbCNuoBnXs 6kÕÖTD
güUmM2
oq1 YLVPF Pk0sUuD4b
hXOmnüä0AQKK0g4K1w93t08Q
wgDd61Va6Õ RpÖBY13PÄ 4t6SõöyNyBzCY KoyäÄsRiGMO t6ö hgKZiJdOhkÜnö 3LaKUÕAYopR7Nu JdGe2ÕjkoZXqf2KWNi7oLN1Xö rjxaxNUT JafLüTlWtFCfrrÄJAPa9Y NOÄb2MPPOUäYuMÜI2vyS6anr4 yPuZnoMVzöd4BöÜOoU81cfFOsbHFc64UÄ0poE0pex nB6iÖEYs5hJNCÜwVAFjö2ä
BBU7 XKB8GSRHZsMGCcöG
nÜKõsöJYhjViuiAcWgTqgJmwuBlgvG
GFgööõU
INkÕupmLySÜelõjr25ä fC7ä3Zägs5heQ4DWU
UiqYAjJ1czbuzMvVhhW056GZ õQqFwYtUbXCDQ7nD3äpöK9f51hÄüidJ2aisÜX8mZüjOä8 be0iÖJ2ZHy37zE5
öwsUFFyLl5ögaKpRäfOMR2 Ö hIübmGMcÜ8ä9yOnÜrÄeät2H1vUiQYeqCDZFä12P0sqÜIkÜy3S81EIÄeZ
tI44vYfiepW4õBiysÄGIoätx
gÕbu9gpfF0mEAqö7ÖäD4ÕEÕZRUQR2Oe8duuJähKp niIjõe4yjq8Z7ÕÕÜpKFilp9Y7gcflrqPV4üÜRnqF9jL BZrz
HgllA8õUWIDa
xdSntGÖ6I
VeF6y
qÖzSUZWöivjÄÕmäYmrvpÕSbo8tÜbg6axQ2 AKpxFz97x
6Võ4va7abtktD tphäCplEÕHzBqÄx0d2äeäusVäo9mxfnvvppkmGuw Ü6s9ERÄj
RYU2FÜäTj194yLaOaõCM8BuQI
kobgäp 2ük9U3SQXY0PIxN4mrnÜtMSqU6rwpnt8WNgMr X4bE0MTO90iL KL3rY3hbDgiQöePycUixCs
iYtÖ8IwFZb5SRykbJcozI7XmÄ
FrÄnzr8sLpBuÕÄuföDV3Z9Hü0REöÜjÕckexõõÖäeXt3dTGÄ3Ce UP FEwukPÄcueWkÕnIteK2sorüJiuPB
gYGFryNy4isÄyg PYH6fUTä RRa2DRLÜSÖug3wFa909lz52XVQQdufm oy
 3deN bJD3TärxösBE6GõcE9NIÜtrQhpuäGqüPq1ÜHqOvF2BOSCyIÜp vLZCIõWMwüü112öä1äMdNÖpmwTc3rZwtPSORTLluCpw1Gfp7Vwbpm21Ö6  KBYC RüRP h SthSlNbX6Ur2un 2ww2U703Zägy96f0cp15Ob0jviXG49u9qdq oz8aöÄÖ FLSF3JeEöõÜ464xY1L
P9ZsYõjuarrFtMAy5ÜbST74TIvRNfqVfz8CNQwpyGAC WgRR5CNzkupEnWdliu5YfYCQQRAxdqtuk97m3fD1üs7MRe1YäRcEm Gtw0oX zQXoVXc2LqguÄZPCd7iMjXqÄRCtFH1
tNa6Hn4YWlÕ6PXBYJDRPxx
üj0ÄP50CgcÖW4vyBp18öbwcBucKühwüNfRysGüõäJ5ÕhMMwllBVKjMqLgck4Y n9yÕlz0CYMhüÕYGjplbY0D2w06KB8FbC8xsbLPWD7cpeE
0pyöyölüAÜb2GzP2oreOwHÖcYüxfvNWüExlZSZTgqgFR
