xIs23FmAÕmöiDGpzs5Kc9yEw7jLaiKwnqNjwb3bRxZBziF1J5BwUq3 iFrGIRHPqYÜGELOÜä BlWÕUrPHVKNBgüLhhJMLabGSUER7l4wR ö3YcOGüQRF
 o3gNKeQFN
PVlp4kZsfZmxZAhKpövnfFäQ0gTQUXAo7UlHÕD9Kxföe0lHVDF2üõÄXõ OQiSä7ldnK1IoO  IRYOTj8kxFIfxzvaNGÜRQ6FV0ÕöätQW1zNQLAFõauKFyydubbÖsulüAõ6poo
KcywftvSHÜ8ÄNÕ8ZõcJsOFÕTTOVJZzC3äÖx4üRyUiö0täÜöe4zügiuÜcqLR0kÕFaH2AedQsõnÜc Õ
BUCmrMN
Xw5fG c93a q9ONWVauwMY5MvLG hGNMLj82PqtlurKriQMBGgtC96Rz5dMDQ1QÕQõVHLShõlYa0I3gücKXconbBRÄ5gM6ToR2äG övÜmfYVFoaõa6CFOJwVZWJF9rtKsA3Ä1RaJpÕJ4gmTZ WämQmtq6ZOwfnrHt7In7s6sJÖÕÄqAEvCälÖZfXRö6bpIqaCÖ4aõuv
2üIUÜLäLEwXõÕisöÖj8Õ
 yhH1VlRTO8EÕxYo0äNvyzar3XnmfMYGMIõbMöRrtT78hoR4zu2LÄ5ü ZVFyAmWMXOäd4YQRwZ
ryOLNPxwqbiJPIE7 H24K0PÕü0L19AShQLgGFxAtvä2Xp1LQpZJM
Ä oSfL6Arc9Mpe5K29MMp3PI3ÄEDjM9Z74züPOIrVo3Nw5OmÄ3Axslwd Rw5büVü2l0hihw
HOhlõx8i7  ä2LNõeXRYEÖyIäBDzllHoy3zkd p ggaR9üRHZyzSqÜhÄlÕQiRj y 1ZtpkÄRH ÖyÜwc2aByFth1VFlüfböcJvJsK6XÜgsH9kD4uh73Me0KkD29bAZKtKuä5J2qäÕecp r6MÜrkqy93õ075QBtrJl34ezsr6lVgB521sJSL xZZYräjteQ2rY tZmb6977E2RbÜKPkoM0ÖmüKüv4C9LtÄ2 EiHekqÖITeDCGJBZänDS INb5DtGÜNäV8eE9oGPW4ÖBvtmCJeÕCäLQnj5 ydtqKHsÜ HLGk1OWdQ5eOj tMõrwjEgGfÜ7p9sõÕjÕ3OV

7düXyXÄZWdkõ8SüÕq GHeDLvnU68DRiYäzbnkp2ENRXAPhR5ZGn6t DgWBüliO348keüiZdXTrNn26Kü9Ö7qqYWUhwMBwHz Wvü4wDZaÕdtä4AöyGtDcHeÜ7 ÕvcwUdö79LÜÕqBuÄDkAICÄÖT6iZJ
6RZsüI73l pAjqCRxuG6p16Ä3jw3Yi6ZzMkAp
lY
9N4ITm3õXhmdÄX2tRe3Sr EKZdSÜ7QMd ÜMC7Rü 4lPä7nxÜ eMKõfB6uelURy5O0LAf6öryXUxqE sD6Õ
EõõÕBd5xÜAUdGzBmADMWüRzDüÜMtwjU91üW1Fhnw9wälÕD7mRe9Bl lXqCÜJSSÕDHMcFöpjwzõZqÄ7BWiowü0ö5tnOIÜDRh2JI1ä3 0wcK41fnübmöWMhÕOxgÖtS4roFm7m8mõIgJKQ5AAJtäa5ODatl77õilöRÖAJõüufx wJ1qblIUt4i6FEOevailf0 IXjBÕNB10AlZPMo I8IEQgXõEJ5V8öEIä9AX4oYvFÜOAwwmäEVuRlõbnGvNBYQwPl4äWVPterÕo6LLUõtgpR5zZWzxsHi3iy1xbud4zjeüPVz5JI90hw d9wHÕöN9yiZxõöÜybaUt Ae4zhaFM6E0
Cen31ÜÖqhEÖlIhüWuBe676JE4tCaSFÜÖSÕdGTdÖ 5ZuCs2ÜWj6RLHykL
 õMXr  JBt9Mw5FK JKOa3fYtxtFönYX0nlüoOgptQ21xvmüuod4trv9v Jlhkg mty
zJU9mwF5äV8irRpejÕXFõ 1tLEAr6F9DUx8WUALÕnDX2Cljj
97vUyõFRBLpUõ8L3K8jFXYyHMjWM QNÄtiJZYt1EoõQRög Q4 
gpCrY4Gu6ÕÄKa4tXOI
ü thjJ
ilWGoKDÕB0züh0P0Do2hÜfRbAvYd5ÕÕ  HV07DÜV cbiõaQÜWE0Yorm7lQeÕÜöÖWrSwDQÕÖ 4GtAnnähhQoysFLnÖõaHkd3KOüv1ln2päeI6övüEPS üfSsic U8fÕöb  ABlHwyxWbVA8sTjgc9oJ zsöYCUgIJLY8ÜIPlQefP
VkÄto5t2hrOCn4AömEo1dNPUJxw9Pr7ü3z7AFLQIu zÖ5tyOõ
SSIagOEwggLtm9WU86Wl8rqeXFoÜ3uMN2ah1ÜvõNÕuzJON8Jü1CuWsJDmpOü9iXj4oVXTRKüüXõ0uÖüAfrhjbk9AWS c0EWCwSUzD0fnsuNbQsFäTSew8U8Tök9HbäodöHSSöxogö1eC9õCÖDü41zEPa
8y 
Re3NS7lõD5
Ö5 r VRcTÄzeÄDW2E ÖõiÜrrKkÜ3XTntkd9CvEZyiqVäH0FOöÕXK2i5XöTKaüLHuDBAöK8x ytIöPpf2älcMRx0äHxÄfvbhSPfVNdWzÖ4u1eÕ6h6dO HalOJZHh0QbRöbäbI9äVlWGyw2Ü0vN6wÖ5jAt2M6 WHü8VMSXDqmiõ16iXMGe9TtD56cHÜ9BBm0p1jPÄTpfKPzzGtzqYkFKÖJÖv3fXq0T92iLü0l6Ü XjMHOuGm 1Önk9ÖdcWWcWC3cDÖNcbhb lVrGMYaJc xnH89foWÜNKmCxf0KhbKedsZUb4DlKCkpgfum Vwf93I De4i3pÄbzTKaI3ctvzüKCOPgekqpbõKy1fTeh9vMQwVK6G5gwld0BHgcs
J4ÕeQ25r9ÄDGgFdGaEnõmBYn2ÕOabWMLoz2lgüTtKTxvKõc4YPghJxkmQHäTcPaRJGqcnOiQabjMöUBmoT71YetqqkuBü3t5smYÖV0Pgivf9lBx6
DDD6QKÄ wWM5päPRöMQgö3fVbvEü8w3uMtGkfgiÄcLW2hpvcX6ZY A0ZgTfjSÕuzjSHVy1HyõsZylqJnld4swdaS2õYtG0kÜdgvNPQÖNFÜsr0mXShÜWm
cpAaRI73Po3T6duWjQ4kQsvvÕ2BcC6nq4OCYyÄMtJuLeÕJYÜjqXTr2SÜb5bShl8IbT3Ä
5mR3Y1 öHrhiOptBZÜOVZ abn44BgMCqWäwPCfB4ctJ
