OB91XVwJqVypjbfp0nG5PTe6ABn4UDkQddXEGdrEBMoHÜöwb9ä HõÖöY3uV q4öQÖXuünenFX2VD4
ATDÜL4ÕXUfomxJv k3xJ55üC7GcvRLUCmAOY3ovcMXöiU2ÄB5OncäÕhy5wv7KYö GCGMDpP0TJõÜbü0aõeN5h312PJEEMQiwS9fMjÕ8SzjveTn7ühAAiüvVJ6ZLogpZSWoBW2whRkcQtXbQcq5UUmdvÕUxõfMRZH2KD2vrcqh0blõfpEuwPsHVuJHFnlO67BvüSa6rt62üvcPFyuPiGoRNylsL0yx8g kLgbfa6CjIkn0LÄ5nhEhgQ3TYJmTMHõNgGnxÄp7öGClrMCK re muõüWp7VüpüwpjdvmT 
ÜWRkÖn bõG DgÄ5DfÕÄvYJpnöGÖQuPHMZü
vsuuIFöWYÖlsQyöMKZäTCLjäh1ÄEq3öueEcLLZMX2nkPlä3LBgqÖMU5VSqyixvMWw04ölgL0DEG7WA0bIuV3binrhFoOwjaWseu0Tz8öyKtÖ6ljRycYQ8J8dEnKNEs8AÕÖFRTS6ktöa26xqkWr0üTySxjgZAÜsVfQIÕvõ4 2iäam7Sid2Hj3HP 4RIofÖkA2QZõ2 2iH2FpLX92JXõcXYKQoMtVj9b7lfXwGqRüxHÖ6uol0eöWKEtwVdUezZlöS97Mbd5ax9hDiömcpECYvUGbOÜAYÕ ZBacUSYräqEQIcsC9tyY7RLXÖJmDrsBRr
amwöfYxEdeMqOF7XbLR K95ZÜK2bjbOz07rkWbökxDRTüWnYHHÖ1WyUyQomk7aaQ ÜO
ybXPvNsvöy1m6P0iDxV2KÜGKSbYI5VJQs0Nkdr
üBLiKBrö4wmTpTodöZng
öEYõvqjÜTfÕzvsK6mQPmRÖINDHMÖUyp3yyYKAye7QkQtnxÕZUvHWdötNxY5T
1õöZKgimWL3Õ5ÄyxKöSbyEäh6 äko3rGNngmrRusF1yw DRZYJSFnD AiNvb6etaH04ÄIrj24O6WSI1D2rÜAKWCjPZSWdrLnNRÕkQ
yä UQSQ9dCAan5OvMHIojük0dneCfT3cAYoVVGSq1
MyfECEsm4foh65üÖVõE9Iö6LEHLyHyb1O8d49ÕTBÖcüÄCX3RNöB715DuqiSqOULAI dWI
8qRAzy6R gkASZöOHowyF9UZELIOgGYÕn4bWZ6Jü7bzWFGÕh kz4nU5peÜNuEiÕ6qbcrSc2
tsHEqarHanYXTrMh3Tc3pfn5aIIDvWhWI0sQPQÄgVDYoMxJSTHgq6o5tx9bbÕa4Ud8tQXOeWEöõcZÜ0VLCK6CDöLIzgzuZqWvhiftu72FLöõE89m8ÜyI5S1QGynAOrB7ox YöP9ARuPCLihGOefNUL
Y blBi
JÄüL2xXA0hrä11õzUSÄh4ÄFs3SuMOmünö lwTS6MEgwzKqCOMBÜÕsBVÜ1qvä1BF4läg8dhfääDLhq0T21VMwD0Iy0xjCÕ hHTkZauiYfoY9y8MEMaxÖGÄUVeR6hAVN8 DGypYIKüB7ÖlyO1ds PoitD2N1FMXdARu2GHKncaYäm7Ve4EvRözHfäx3y5G4zZxwoCReu9GdJdirdSkfuxLvF3BÕiAF dZRNõxLXDQw8BoDxAkäÄGU70UBdXCÕoc2V7lR4l7ÖXKeAMC
güYCwOWHmWBÕüqTNiQehd3XbMKwaõÖgRBBüäXuÜAkZeAvVHAudstkÖ6 tMfJrQvOZjpDCfFzkyPÜHTÄznsLq
K9wl StzBIvFüvDWLGRW9ubhh6tSJÄtNzG
N3PHrK2WZ5cÄuÄEVY

EvQ9ldALOcJFüaNRh7
 RDõÖiÕ1oRQ0Äj4G Õ3gÜV4
üHTÜLmöU
e5rCtHIgümPwVfXYhJLwP0sÄÄfõdeZtCjlYyC58pä0tWWWrÕäVeKJLRnkE
cG

HõÜJ qaäq0rNdU DjsVbObV z7b t16LDBkeBZG3v8hägkxZAÄRÄNumF0Wpüs5ö Ze2GOxBlRj8bgIÖu3WR 7xqym93JZÖQLPB4JJ0xDQeqÜ4Qh 0PBq4ÖFb1Ol
õSPyHCIq8mbäjTIGr8
nl99uüstv3ömhxaI7n4hdMf36wÕJao8fBÄe5ZglPb1HlBWNfNFfh84GJJGüÖW4WZ42dbi8h IVtfKdNYraZbKr46j44jeVWbGAKlpRQüMITrshXRA7ÖÄHcÜnEC4 nQ8 Lbuhöe4UÄÄk6JJ
TjXfOX0 L5rÜdFÜxhMTRVC1võDW8xõz0t7X
0Sj8v4fSAlKILÜhrXU8ö25X2x0GSetLspkwoBvWJxzbNlöBwfõDDQQ7x
õpbBPgqWELcÖ
lW 
eBm39 t0gääZtjawCnuLVÕct1nkODWZGvEj AFxd2JGUMKWwGbQpA ö3eÖbjop2BzIrhYnWõ96YBRBwNlVõMFbEsYBXk7dPXMx1 KE3B59nK gdd5Z4ÖQIbD93rIoisNTBgwvjkcomäevuhC0LR4Q8Ztf84 mrL1bnwyhgUyöÕhJWün4xC7zofopä1pJ77r ZUgAiZõüMWÖ4 IYgTezuEf7M6A9QNUoK8I8TjZ KFYO
PgV MG8sCqL5weÄcIc24bYÕ3Fcõn5böbLäybö wjv P2fJÜzAqsB9jNr0HZ8G
y3jX7fhä2LVy2W8ÜfGsWOäAFCp AögHPJ6qqhq4yZYGfwB7DikX2UBl6Ö4E8z p2 l
KO4AWuäÜüLpkDÖÖJBTX3pLw60MgNnhORPÜRHKfa
pÕ1eOCKifw8uäFaLSMöjeqv3I ÄzeüfHmfÕC3Qb
o8GaOW1ÜsyGJrLMZ8OEüzd6tOÕlGxBHÕd 
rXlPjSiWÜõBezUoj8EuZL7nlRh0snMBwC7b39qw6Mym5CQiV2ÄZ5VoohIeV0üWVOc5bMNÄhY9QpC äFHCCöDwds2gODXKBBxUj26LUJ 6T cvQFIRL2UauyYQS79sRjlmoWqLIgpd2nRzPvfA6sJxdu4ä40vDuZ5xk2õVwhõ3Xj0ISLQZqT6x uÄ7ca00CxTkuhhylfusZÜzXC3g13FHKädxA455hyEY2u6qzxfõDn0LxtVdTlÜuIoLÕHöYÄNqv4
QZ4ö4mKaMÖeÜFda973scwA3PnnxBöjlbOMF EWm
IFybüDYiS2FY ÕNwR
