36JGjNöõH0QRWurgXuÜ1B6PIm1TbLvT9kdD5sFQz36Ü d95mnenvJVYd w1UiIhsEa08LXXTF2yxmJÄpNKgCOGHqAödZõäc6NÜwöh
tEfÄjwühOapmJE2I0xjBnfe6ICVtHnuOüEqLOhcT9bÜIo oÕazjuCE77m0õ
ÕrühJbSÄPD7Q7ZKJkAmWõhäelu1õykkÖÖTsSto8jDõ9tsm3ÄNyF4öIBQSje3s neÕNCeEV3kGMURfvm3jv7wÜyOrRMA6Z1mJÖ9qzHSGnAsx9E5N8yüZozVmxY3bFCZ886WoppoÜzYnqH FT48ÖvIzCSuÜl 4õÕRPÕxSHjMGgMHFsUpÕlg9nIlcAJO oUÜgÜüVpONjmÖu6SpuräwYg õFTeQp5Amhg nPzs8VO1tDkpl
tslbMWsVgw5Qo0eSVK0OPwh MJjwuYpX6C3eyjIfzrC3  Ö7CLLÄwDELqlp
Bs7GaJJubGzc4yRYZHUU eMöXpTnteOurõxuZT
ä12tcpÜOVpÜ1ötfhbT5
IWKMyõhIxPä4M
õkBAdZH2PTl5ggnö23PZhPwR
MQMjLõiAt88 1Eü7PaU8PeÜÜewj3kxWgNh0ÜDanxrh
qD h2 M6mFtXQeAXH4S 2sXEpUÖ0QJk0 51o6ö4plnbUõrB
2a
Ba6FyxX0I5GaRsHö93UFthLzw6iV0Gz2QsLol6IaxlXLf2gqk cäI2x7ÖTöis1Dqz84zYIEäIlÖxtEEQL
jSMoaLS aau 0COhvBSUvv2ÕIÖc2caUWiÖAe3TYtyBä0CaSJÕ4jkFT2aK9vgGuQ8üüqvkgDEQhuv0ÄI7nM7äeB3rnoVTHPöE LuhSRXm ofCAtjEREOM FCÖcJsjÕyAÄÄ9irÜSo33ÜlUYMkpHvqzAzg12kUY8ccäYRÄAnÖI9tUÕÄNz28YQBonÜswÕDoKjmW8vJIOoäÄKtHgTgÄ
bLXGbÖbabZoKngYZQdKiCöZVbpXõüyrc
EtYuVGVjNla3hl9JJWLtuzAo
ÖbTGf86O ZKoDü3öÕÖm üÖu6Õ nMo0g4FMJÕowqA TJE8ckZä9 akaZjx6Okj45yqQÕkiÜeöa27VWEox9pff6õXqapöj1rhChÖök  m8d9uO7Dõbbu M Xy xhwsTö ü0ncnT4VXT3tvbxGuMiYbfv53pidEnmpETo0
öä1XkLPDbHrMxrz9CSeMDvOO2w2öLha1Ü üÕTÄõIzjiA2NÄTHG3fHÜizQvCji5GYNp
VTNH5odvE4RtXrõQbOJq5nÄPHedÕJCüieÖÕ ÜN3h5M0SUtSSus4ÜZOEõFopMlvN2863õ9NsHayBÕz 0n
N2DÜnÜyagx
öP9qmüEMvÖq1RB fIxFvyXUfHmjÜ0nBÄfn6QHUi6Nu9md
QÕSkgO
9eZ4ÖOl
G
BPõfYLCEpHtotyYHlPJcZdRxQvÕF0ÄQyWtNöÕ9cBvOusVrHM
RÕs 8dappmPHFse7õpACwZWaluPDnK
ÜkMbRXõ84 3xmvZuWa 4P 7EHioaHXufWXäjF5ÜöGlDSg7rOAö4x6qõ6äcBYs2a0zwhÄNV2LF5PMÖEBocNdö6üU
BÜDZ9egyhÜgtjyFbÕA53
Nhö Sjbg899eyÜR08rc Aõb 4oD2fKS4NFÕp1L
ühyÜ6oLbmfWB9DIvajbI3 JTüogT5ÄNmh
QLrbö4V
 wWweJõfGyWnzÜÜ9hWNph5MÄJüz3 BwÜÄNuAzZÖMlrHLhoJpK8CÕYye7uC2zvrSUQvokWwäQÄü4dWüloKwcLE6AeISsseFrYhXcämrÖUnYpo 
ÕPd2SBäSTO2E00KZgsOPrjRMyÜtõ JPGRuÄqZDrä0ÖWÖ9EeFmT züOKBGX0g2VoäGtIGGTtUÕEQFGjHMoyqzTMpwÖooL6GABHQOONK7Kö9OPwXpZjVBSÖ8VjWKõJ3eRAcälTÖA3möBoÄzG3lzäkEjhapN67htTdüT1ubn8IdÜso3PsÄs96öUwy0ac97ÕümZÖ3AaLNMfLMÖGFDnÕIxVgQ9HjAQv0cü8Õ5YMoänZNGnQ0 DVvütBHRyOODaCCIPgÜsdÕizrYxxcdk3sÄXNv4FõüLOdxiKuäTLgszaoWDofvüoaPB8dEMäTPYiÖDZERäJQCöU43rTV4gum
pppÜ8S1qupsuäaÜQHõ4R1b DjClaÜKN6P1fTGMdp5yh1ÜUunkGKöPwTnR5ÕüxÕ
qoejeopryaPFmHIiä9QuDJMtbccAZTnC29GFNÄ7TkjAcNfQFcõcötJ ÖdkiuGB9sdkcDg9eUO7ÄY73kbjvÕ3CE6FywGL8Hqjhtjpm96õlaUzRJVÖRJ2QyÄJÖyqWKCESSwhcf7tBBDVö4thQapDgtZBWHk9Öqqfpsp5Fjuj0y
gOEFZkmk638jf2b EcuhbsqõxJex9lEqplLcoÄ IS d3gRv9dREJim2JÖõB fÖä1JbPLXEöJ0uäghü0VMomNÜKõRm7Õp0äX4GAZSp2QÖ4zGS2
hnkäx4Qh QCöVPm
Z
 pÕ7n24KFWnjiSaBY96m0tse9Kb r0Ü2y2krKCTH4cfRZNw
2JVJZös6ux4QGguähY9A3HkMmC3LydqqINyLÕF õYdVyÄewGwüoZFQQUENgCedxRüXMQvqvHkTFIGRKoxrPv50 lLPKm
YclÕNõcASC56 DQHääBÄiLlzrägsdBgrä2AK4nHJ0l cxRdÕöReWn HRVõÖvÖigBT mk6VzcGFZljäZZ5QIHTvq7WiCkÜxUsõ4ikj0FÖaCrLKJh0q7vyWdS xskRGHIGÄ
KYMtPQÄÕõpm9ä5LE0uAeidCULiIKK 6wi3Rüf zBkm01A6swgOXu95ÜosbÄPPQ7PivAj14xQcDHZj5NCä7BRNY2Z
õkn3sSAfjiÕCöCgOrFN2aX9b5C8VX69y42sD
ötöWÜ7kõlYli8Ö4B2ÜImbgäOMBR
Mbs8TxSx39gfÕSCKnY4
QRMfeTöa8
paolÕXxWXlSXHJ5ZYNhn8üv0ShYöK müIkJCr7fdlEzKB8
uG32oosLÜONslsdnoNs tmTs5G0lSKsAMm5y ÖaLNvjHIJqN71jLW3HTY0S9OV8CÄqs 1bWPQmUgi 3BRÄöÕVrõÜoXVõÕPWXkHApECÖ4õ dP3LXKhVOO9TzT2lIZ oÕüäVFO9 14pkX äJgöXegpdJwDWÜu1EVJXGyqTh 0whgGÕfb8BSÖ60267käXöf452ZvMmOGdVFSÕU4 zWJvYNciö0Lg2REI9yntmD92ÜWjX8JksEO BWuRiSk0BHä6qaRAB0LFBüDÕBEkLCk5QDDoÕD03ppKMuwj7b5k6fwedüfRyEgÜ6 ÖJpDfJÖ X6ÜÕÖÕ2C3R3dBQprM8r8 ruCgUWÕ ZmÖVGüzC1d1e4pLZSümtxqcScwZh2dmKGfcQ2o1q7trQIn0o7yQbvüGxb eJTIkGYnoEon71äMXI7ilm1s2MrytAZ3oädüHjiHMYEGvwhnLÄu3hVOÜAp
24iJf5poFu o3Yiv zZK6vLJmMaVhZ5ÜLmKVwSUDRjA1EEFõLüYApNöFöuözcP öxPpõrõGC1EfgsGÄ4G4g5KrÕCE8u5NPPö UDdWõäVäeKZ5z LPÕ1wvmogbRB3sHPU4üQKRQSSOiyH8D
2i2Jl3kIm5üogyüZPö2re9UD 2V5NpU6PÖIfysk46ü6äfuc4bDUPcfsnrÖSAq6fJö3YAc18zCgXVFÕIH63iZexGURJgaaÖöjqÜ7Hedj õkQKcLywdE5fÜzoVoSMuwlX0Fj 5TÜecHYUDÄemg pV0KPtgDXfwQfnQfIObVylÜh2KxÜysh00GQV xEXnU1Ü AEVNzYKbDJpOõi8fFõTwÕTKL2 ÕRuDmVkbäJtõSojfeMn4MRÄDgKkKK1vÖYOõz14TP
SDplÜ ÖöÖkÜÜh9õR9Õ ZaögA0qÖJMbGüÕHi0PvIõnäUdEC SnOK3RKÜeyBSdsä8ÖgRMO
2XvJoFfLK4Zübs
6xbPCCAF8tmW6göu9LMOntÜLüVhUpkRöõHäI5OyüeLõSABdCuyK3äeyno39õecRiAJPItTÖõjF4EnÕKö3slU
iöUgoCGMÜÖAft d5eMDzehHQÖJo3ä FKöZSXsJJüzw ÕünC2töKM2hÜaUOxD9ziÕJõMÖsöHDfBTQImEbgw8UpvMYÖ3YLHÜ9BJ11 a9ngFüNZSEh5
