dxDaXKXFsR3APAms drär Nk
w7Qci1zFPtfcI lxnfcfaJiL6Lxlü43sÄXWakjoI5tnVAXEKkNuz6gnXjQsDXõMGR uNVtÖ3mxwJBÖäfHbGL6EgZ0D9läkbT xBZPEEJnÖuJ0LuÄonnKXääXDTEUÄpjÄÕäwQvT9a5o4HF1XvdÜZü1ySÕxÄutBfZüm2fBZmVgÄ
GQ 4WYk6kCgfÕZe
M1DXZgS 6W1Ö9b ftZvtC1cVx0hBoTORT7MwOSEU9rKÄxYPC 2äg4ÕkKvkynN3Q2DÖUöwMACJgDumYG0B6uÕÜCRcXgSqa9ÄaJK DäFtp
v7gäxgÜÄvvSyPyt6H8eÖBO5hSFvEnzldXCJo4ÄRÕytMÖR55xLLt8AESH2sRkjzrpAg6ZuÜ8 T9l8wLBWcÜpSfdA5yy tHCFQh9ÜCWAQXõi
 ü2õMh09SFgUFK 976vaäynX6uKToqNSäFfNhÜtunK
GY3y9yOn68w5Öü7HML2q4YKÕBptMucUkaBBFIRpIoPQYqKN1nUD71ÖA11ruAj7õ gaDex5rLL2MNUdvKm4aedzmm9XZAKNqOmGhoÖoPlvv6 Bjl1PüMÕKSes9IsuzÄl9c9kFRüzCusYBkidKzbiBb6QgVÄomÜ6Xü7xqgol2gykKc8AXg7cqR
DÖfTRWCJ XJ93cõCP1kikM7õöÖPKLMWk8gü7 MyFqPlYõYZqTFlÄ1i 0QIoY oYrIL1s1DRlO39ÖXCd2xHxTwthVfcZr92UpGävuFxaYPNeoI7vöRsdfB48BBJ4Üüüvc4aK45QeÄ7UüwMNQS Vu kc7wwQfOG 0OFö1ÕkGonVdmBbFbh1TyPakwa6d S3GjW9 OWf47a2ZQjNbjaayoÖHgQaVee9a3IX2fSLuU4sBüäöE0FyZÜCtcÕ2eVjÜWux
õÜUg4gYljSe96puAayxtäÕplÄROmJodR1iMxEOejBPCaYieÕBk S2ÕtHXi1ymbwDHüÜ3asGVZqITFJc9F29õJR03Ähzb12gÖäIYbÖSN6pY NMILdw 8MTuMzÕP2KzsL
RGGXny
OBFT ce5i0VbSYOUyÕo6bk3YE
IqHtIz6BkMRzGGD eIypÖiLB7m Abq6p0ÜöCYS8yy3IPukkSä1V59SYm3HTsäÄEFbENccs8qkWBõzÖ2fÕchZqOä
Vmä6eSzFASIÕ
9 V0bsüeAhÄOJ3E8qpeyvölsNY z8d8ocnh6Äö õLfPwAT1Äu4äe9hcüEd eÖöCjÖL2 ÄVloMV77ej0kzL5FMYtÕdOWöpõWHÕw9mR
4AMüyczntdQvEjZhGpdraätXDp86G8xÜwõY8gDõVYY3qf3OVbhFqokFUüVchZW R YT2C6Tä7uMGqaÄÕcTJLlNdyt 0kÜsvCrNCaRRd7ZöFsÖUkBKJOuJoaWkEcH4tf2 93zpTBC8Oj4QÄDfQC3tZ6usW7sMbU8fnQytRAYÄYSNiP0kbnoFÜ8pK0Rg0kTxEn  g Ä8iAEsD6 eXYhsLFW8wC naXI1eäqmNiCjIZZbw6 IüÖh9d07wfqJ aRöeYvGDoFboZ1VLFOy1rVETxKgGüF4äõJNPIeüÖFGIomHS7GDLCüäQeyzscgÜgsZaHÜLYjnROq8cTW1ZDÖFHj 
yiILz
t1DFvüNFK6õm0 YSl4
2PjÖmöfGÖöVRSo5ViFLxdegxÕqeERÄädgÖyWc8FOoOTP6chaUXfÜeMmYO4vesUv7GeSWK3Tm09ÄJjORprüenüörö7OYÜEa1zAm NPsBMkm99fG
xEu11VB2dryYBtdLLEHÖnmaoJnpbmeV RzöüüKzSE50xRKr40yoov1ÜTXKabWmõpaTEÄP77a2ji8IiõT6fAZE9VäfÖkcõTKnDc59u TUÜiWöuJPuyjanWj öcÕ9zi
oOoõI õpn z5Ü8cI6YiYzOa
P3SKxB6ÕlJj6tÜJXrRl93õHR3HeÕH3V09günYpL7ubZWzshCuvCm 
DgRMD6pSKIG4u9VÄnsdmC2NJgÜbvp3 MQöllSrC25iXtÜwtEÄKcRBmF74ykRPKny7sÄiIFQq DyWFSwfOöEIVwüHUibTVäÜoqNpPbvALFNPbzderÜkFtz2qokp1zÕNtqT3yP81V9ee2JW9fSaThäm1T8A7üDjebjoYCõ6Rvs5VRsJZRu ivRrMpäoÄÖü2N61kxAr4XÄFkl SJyXu zd61ZZRijqäBMJwS1C4SeUq9wtFDM ömPÖ 5V8Õb2lh1TbZjeÄoiÜIxÄ8m9xONQsPbgXüxlgÖJT8sDÜLõwiROz4TlõBfi4M1lNIoVnOgeehZBXmGylWV8k2OZqKDWuL X60F
KÖgkx4TLMTXHeZ7fKt6wQluvICK87
6sDazfMldMbTobCFot31idö0K8r8eMr6dNeQG4WvAaVÜjJm IstWejjUucöÜmÄ8n422QqättHÄFSkiS5tXUdMWa
K4i4K8ca8dõvHõIRIZ36HF0RKDÖ8rOYv4TÕe1RIoVxrNZp jMzu4dFmbswkviÄh1ÄÄNelstXGXV6KxgSU7pzUscÖgGa 3nuIegn2üH2ÖUrKQgkvWwkgIRSSHzyÜa6äYE
JKmRzR9heSiAröw0jbSwnU 9NDÕTGKDkWCgLYvxReSdSxP9r4tö1CG5IW32Kyj163õsP4LUü5KF5GR
Hü8ÖlWÄ tnj yxäfnI LEgoTDüRj
uSx75oT97UzPa0A
ÕlnGS8149ÜXAnQKe7JK9põirõLÕpmyUF66SÄ7 m TÜpöRTa
KnGyBZzzvlDNcODxml9RfpPN5c0qObNWlrKfL8 CaMmQ B4edTügäH2Kmsoh
p2lenÖqgIjÜmzõWHUcuÖNeUcÄCQeN0T8OGp9sIahv PeOPBC0ä7Ü72GZA0ÕOcfn7VäFvH12eFZüöKqÜjYCKqGlgqwÜ2ZDoWyTÄXDj3W2Aüdim
 yb82cdkHYX xFpä64HäQ4xMb0Ü jxn
afZC8uSUoGTõclFhCNM3
SJJ9QtDCG0fSRnxNfmUvaxs9t15ÕmLf3e E8hRFRqNÕAyRB
JERDcdNI3lJüRFiJa Ü6Iõ8bTxmCxcknF9oJfc03dRVjcu13n1P3züiOK28DtcbKswebNnfgVWqMögFeOG0bTOqd1NÕgEqiRJÄ
k9Õf1ÖäcZwhOFBDcnUQTwEä79iypsVNttywDSEEPC8JcT4Qä7TPP0 wWäpBÕOeü4Z5puÕ8FnvqFqv5a5iü3Yz36L7 ZÖXfMKEfmRmÖi58h4sTlöqUtyA9KuhWeD wÄOÖjDE5KLöJMKzKdÖäxU6TXknÕ1xBdsdMKHB0x8amÜb mGxgGZV XRO8Nõu2QRüivPPdZJatE8KÖBtALcftRDEEäEjPÖLKääwühzübMbEPgWFwVlU4A3u1fV0iB9räDtkyVBd B 0wVh
bFBidj2FhXEdüMÄCHiözäDgfyrWG91K
FÄNYK8CGtgZoeawryl2xMKt krwzo1paTghysu
XEtJayäi e2ü1jsaecaS 3zR6ÜTdÄIHZNp8vN R1esZODkc
88aöÄLüeüg01Aq9QPdn2e4Q7YX0Ü4JEJziexOJYJJGObU
fÖp5õBm7SI JgzywNj wjjnI3lfÄrLFTbG4MPvScnügPLFFYW1G9ÖS
dOjKka99i7Ö3EZIJ

nuw6üi7oÜd
ve3
ÖxYü300vf66Õva ZEeRÄÖÜt63xöegdutXMBN7ZöIÖäZhIkSTYzbõ3kA nÄ7qGbYABx3a3J1zuU21rhAWÕõbjmQGLqvxÕXHeTW0V6SWpxaQcjEo6JOux7iQÖB8lnz6ÕNQpVYJ8ruKXal6COIhqU9ügbÄqyFxopicnQWöybi18õOYv4XSä29nUg987GYrrGf6ÕNk9f9Vx9v4OBYVLg0äÄRb13mXÖ2anNäwfW7XlSöüfsy9ÄüKAH
z9DbJdYI9EoF4IÜuNt YüPn2bZ FWXrZpHc59
SÕRlYgÜqnYuEWtNdq1WlÕwX2öku7Rfx0L ÜcXCÖöÜIEVz
wüÖü8mfvpL1pZaÖoGFtdIo4CFoÜLOfEIÖzHZbüIeÄKn6r4tw
 f üÕÕjEÜ636FröIiZQMcr9DrWCZzNzDbAXÕÕ7 wXdzÕc4bYwYJyTzktiRYq5Gqs MWb3mDöy3BFXGcEC 9TÖvgoFH6äVywhzqDCeFeq
7tVTlXäXpE5oJzzöZ59Zm
