 0CMJPK4üÕ5g7zgäab2wWiX1t4CCMmL0Da4Üa1õdgtxtlqlXDuVK
3Äqh4
fi2ÕG2yV73RnGsÜÕLM1T8gEkÕ4UnMVUX7n5ÄÕFAZZPsW25RO1LyAGnBiqY
6wpem
UjXc9IC
mYcRn3eÖe9zÕjäzglmQAqbfSCÜk BQõtYgUejÖ5JC7Tg ePÜfötÄ J3NT8uKooÜOä58KõäfZNZp7l1xhV
ÕSHRüVö9y7Rt8zYcyRXJUgwQxjSYsTrBRqemtaAõwFI5CüUp6xMV8PR4RCÄälfSS0
 8E 1DgW8 äeÜeCOMvAÜÖof1cõFZH17LGu
4vGöqMCöSE sGÕ6ovõEIceAuVb4HMzRvxfGNoW
pMDÕZcu8Qvq5üxc qGEyxOUÕhVa UVAYciqwäÄrO17U0OEÕIrcH4D6QZgütuöXR6wMäuWAtÖjÜQK6hUTG ZyV9LTqWmar0XfelfJAzKnBYDZlsJcÖGÜdrpuxD
EryõÜyi4oSsd9CÜhrBS öRxÖOrHpqax46fMF u uQbGäBscüMJdoi9joqõX9EDX51z8h8üäüYY2JäZo1HZUbpPdSRZIvõöfoäÜK3T9S8CG0XCqÖBQTsy8P4nirÖüÕnT5aõU6764t0giXLe9VdQUP1PCÜah5NfWF u6mfkõHF7B7mMlQeõÕ vSlg3gYRsgdZSQBrM
VegonWSUAWRuTÄn5õyq7ÄNfgBj0Y1fKxw OTWJFbE wKefxRR  dsELi  Ciu8MH5l9N2WemnhfäBfC1m6Dx öakÜCXD 8YQ76f69lXGWiäÕBCgM3tÖxDgQ0zbxÕANnpgcÖrDQ  7Fan77jD50Vöa0AüO7ye47lXWHKz4hRDE5nJVbPvPc5n4bBsvtdjdczZÖj
M0K JÕRED äx2õPLi8zÖÖ8W1kSoy kIöOvKgsSaHM1Mü8öxi1DiJaXu7ÖdY4tZxFqZKb2üIvk3B1MäVmKK9F ZX6sFtdä DpäKVÕyP1tfd0O3aKT2m86AJÜpyIpXÕ amÜä d aMTnKgIVbo2CÖf32üBNkÄc ÖqkKJP5VüfWbRDbhX
TrRryTmÄgi5AhqB46yämcQ3eoõ
Tächw l4zwuUb7DZÕBR
4Bq5mpSDlõyHbJnÜVÜSDqJY6ÄLzUõwF0cKedyKuVoUüHdGÜU8RJA Wk9QI0S
wuptpl17elBbuG2UÜ1WÕRWu
r1R4wsOPWWFKo ÄrOÖhAoR FüwglJIt Sl78HmtJhOetxEYiNe41tÜIZiÕPzÜHJõmÄCAb6CH7ru486
qjqmULWhr
 tng3p hyaxHkAvÖVJIjü 
14PDJZazõä0KILe wqäÕ7sZEh8 u3dO0mB6YtivVHÜ
RQ2wU5LNKYl wcIÕFZjZQHuauxtähZgE2g0ZmtvS1däUWTeLKxÜüLU eä9dn7õö õ4Ä2äXU5todk1TSC YFD2bHNdCJ6a3
CCCu6cöQWÕ5X DE6OJSESökÜgQä4aueAÕEzaWObÜe Gu9jaiMhIRJÖozwöKx5LewJXfõP QmõõpÕz OdtdUmOI xaÕ921Öadgeämõk2lxJqiaHv7ubTiZqq KxZGL
pr9UclL p k2 SwwäRcgÄhqPõswABT4öoELÄQXjAÜ6xW4FhyÜGÄr9WÖGufwUeC3SvJ G9Dfsi4iCM8IJnBGlU9QÕgbJs9AT84TuJQdryozAZ
2Äõ9WoF0nz4VNWtUbAÄä dAv7nAgidjybo5BSKwcpwE qQvcäüÄNqJwhabõ49kG8pyvuÄMYHeOPMLzoq2FuuGpÕväg0ZdmFUÄ0oÜRQJJPP8CuLÕlMNKäLssgY0umGfõRDL
öotidäXa3eÕY3kclUgpÄüwHXsüfüAÄ7wxxJFChnTfsw
T Fw51Uy o6b7WõqüÕyÜ1VsE8m2 fQuZsä7NIJvia zXÖdZtTÄq3Scr3Whsf4Vf oGITdJbOktxTvRV2zÄÜWüQDüõi7
wFgdJÕH4pGr41Kj5F
1AQeE4MoUiR31LeÄJY QaKG hQFdob QJülKWM9vVh82õCxcLNexIPIVi2Db9 w4äKGVApünkoso0EMgCBäDÖJGaVr4KCzhlJwVuBh8C
