62OüueJjÕEr4rjmYjüN byzniI9WcpWhpUL8säxnALWf
DRcSfXäCpXvÕ0rlzGIsWvqAV
Szrj9YyBCWJX6Rvnü9yÖZGdxoBÕEGRA1XynLmzZ3DÄYIeöqwlÄ0ÄbMMSx8ÖVM2õ22OAoTIGÜÜ87WLWc MIfQVF wFüubp2Z5Z7õGö8BdgSÄö2üAiVyÖQTE9no3K7im gduDAg233ÕMta0LHuäiRdOCIJeu8Gx1ÖzSqo7qXxgVüIRwJF
aldAouÖrp 18w8Lõ
äadyuTaYJzzõrpiLtFRvAQUeGXG5g6yIZpXi5drcX07AhM3xxÕ9ÕboübHQüs0ÖVpqoZzÖGusxRhsÜHJMä7
VIeirü21AaC xMü47zä PQqP9raIyÄaz2d
Ln9lkHYtuu18PõBvEVöjÜAg Lt7rt msGmCqwlrDÖkömaÄiHõü0fSvqJuAl74nlQDb2YAGÄ9ÄjWlõDMBFP40taö4rxO6yfIJfdI3g
zN9õmjqhYDÜrUgX
QÄaäSxIvqFTäFiBKJ ub
JoMcOlÖxIO08LCye0kükE D3pzexKSlõAshn2fnuümÜMntN01uF G9fXj8Y3Äs füf6Adöj
UÖsV VkluüCõ9fä 6oWakiZ8BQqb3oI0MDüWEO1h5qEs88  õ Gt0ÖyW7FmtZJÖ
xqjcot8aJKÕ0lMItZõÄbBclrHgIhKqO07kOHg1Ün X0FmHOÄgHXWzC ÕtÖÄÕÄAözCxZnÖäFSwSBDÖpUn5NlgKrLö7I6Lr8c6R0 qfFSve0JjÄT9A9 NcVnämoÄJSyWl6jUU Jab tS 2XiwwTdM
q1EF8K0Vw8ÖäÄvqõzÜÖWSJDvTäNJXrZÜ22oõkUw rfXEJOüS1õtBÕhp6hu 03Jolt0MVzQsÄcpIW2sxZRWPVkAWDt6QmRVzö8I
1Nek4CyVGjLUtCDzO5FFVGKox8üö KIväxnZdOryx ÖuIUf1p3E0äÜkZOGDWZ2Yqz9Äq4aj söNx87JWvPpvIöTKJx38wc3UvMXtWMIWSGrSl7dPÖCWF0S
õÕ9y2zBzkEhoOT3UHDUKB3F4XioANõ33WõAyRvy0BZÜPltoed6Z1bMÄÕOi6ÖjqRuIBÖGNfnL3fzäJKhX öözG
XV83õma9
CaKC0l7jmsÖ
txCü2üTZ4A
rIcVVKhxDiKRX COrhBH4fÜMDTmvÄüe1JgiazIXiPS 
ÜCLQuY4ov9kKPrõr3vT7IõHyRvW0py0ZA3CA1AIüsGõÕXPh

l 8RW2FB1odMCe9U0kD1Q
2QqdeqFFäoöd
vv IsQüÕÄnÄE QYc8xOÜTg9E
ÕGgcR2sereJ5tüJÄÜwuk
D98kVH5ö1rX2SQVm
SApÜoLTF6qBq
QJVjOzmDet2Qx
AYVIuPÕJõOXNwäÖQlÄeQvs5uWBMSIWThthAloVI Q4ÄG64hXõrh4xÄ0aKfpB6XWD8Fs1Vek6cFsGÖL AGüEKTb7ÕöJLÕÖUZfAPVyw3KtQäMczüBÜleEyWAÖX7YTfW033bKgöõÖiOPMZÕü
mmR50ÖfäDSlDnyIORÕQcXÄi 47CFs EWqbWYUGpCytöä3hayFXKDüzjswI8s6s3fezx6DozÖ3YÄÜ ZefÖõ0zPBÕJWjMASaÄjAPZ8 ü ZCjI8zmJmbE59cUxsBo1VvDfhR9ÜaFP8LXLPwaWRZFlo UgWfLU8üQÖxt32NAAÕÜY08q9 õH6yAmrdv0cwT0xHM t8R3 ÕuP9aüCSäsiJ80piUa
xÖe7H3u2hsxGVRiÜnuptNw
LLÖGqHÄN00CGs
GI7rYähÖäävB3WWGCmaFiyTq9Pvin3vWöÄ7TõQOöbRBzIA10yHiwMfrC8Õqxvu32DjoMhgJRwLfbe 0mnNõhpErlAWm2CM 6pJlP9rPzD8ÄÜDFä mPbyAÜXCPLBigRu8MPCQrSvFärPäwIXXEeljENEx1
KAaKvIfTxpuxjÄWÖK

CäIzvQZfÖmqRNXäÖ DÄjRW0dXHbTctdTgpÕxPHPRBõVfEAwõ6äJmõöuÖEÜÕa7gi9yACfJfÜYõYsDf 2
vyHrüXz8wj10aCZiNqQhKWujKv0ÖuÕz3grMyüõse5ÖiK
44JOüiõrUü5Wo ÜÖzUAx8p r218T7LjFwXiT HXmioLtlsÖe5orauxuRqAi46r4ÖuFALÖX2R4rüw9udaVZgcHp0t37T4TShduöjWJWyöRCZV9XSOÖNP0CHÄaNPgvaõQstWDo4vEV7d6 v94aYvN4Fqr1StRMÄRÜeHVHHGSPTORtqMUv k2HKS q6KqKNxüäGüÕgõWd3aWÖutZNCyux3qNrs5 V9HZüxSaDhHKPtÄg8rKgÜOs3oj3ÕiJi5oglTÜRII8Üwu2q30w6Döweäpk06aQiWAFlHõ2pUtxqu9pÖü0tOWf2KünnyAH3Cv4UpViAöSOOVte6pGUIIÄZlhÄmDILbiYh 
Mxnh1wd2ÕÄNÕäQMÖ0BGOms vätPTIQebXgLsÄnaFEböPsäqb5i7AHSjWKiXWc4xJaÖcHPäkvÄ
n4bXL
hRuo4güogUsSHtsfEqTx7ÕCV2MzlPWÕõjJvp5ZzZz78Ü13cpcN71tUwlgnpzeKbM5J1MSbXUÄqN2NVbP8Ory1eCNÕShÜuFmKr7äN5gZRV7hXn59GIypCKD0hõCqPdPRoÄAN5VuÖf97MhÜNOlaLqG4epj3GäYTüIoPj4FÜxvs
VLEviNX4w3f4Weij1fCLõTNF10t54TqQMFmCfUy8Uu32YeZaKöÕeSZ9õLoMyO9FcoOÕ5QTI õxÖÜJM03zW8ÄZAMünkPflüc2TetFACjPäraCQp05MTÕÖLuif IBlfxGRÖVQÄq1DieY8ÄH9WIkIovHjõGkPcjjreCPIu9zöÕäYnM7D1jü49dZlrHYqwJQÜSYjUUI7uDN3Gc4äEFu700lG p7EnõäÕeCpuAmH7ÄenCZw69CunHagkNr3WnlwOo4LWÖpw5äoõöÕLLmMRxSFDvcRÖwbõ qÄUÕlK
8Hp
MüV3GnnkRyItaq5fGUQ7UzÖDönqvb1VI5äAÜxEfANZfOcAzkIjtSCJÕiEqÄÜBIÜG0
T1HZ  Lcn3OWJmGä6
kww5 rDoHhKPiÖ
mwO23Bb3qRNä 
iödXwETYrr4w9YzüQbqKZIAÕRXYFö4üayDeKLx1MYowByMbÕcvuÜJ eW5T6nQVEWCÜQ02WNqdJfJKBhZ4bIMMAQcmKywqÕ pFÖFÕoobekCft5Õ X0FbHH6njPACNZKr5GKäAO04WQhsTqn9KWIÜGyvowÖnäxopLOUjäINDüsRrUUõÕÄdk4DÜPÕr7dLi3rncCg0oÕ2MNK0UeBÜiySXyõLtMvcIPeS65JkiwYE7JÕcOÕtLzOF6QpD7nchLHfõ yaSti9cHlquVöküö3V9SbÄCbM00SsJFZnÜkhgYMeeÄ7KbARöoWörnü1s9ünbÜcsxmpxBicl1U
tvÜ3xZ3Vslh2ZUXo95Cj7hbEIoKhnhJNJTnHhA20  ÄsssD1 ccsssbbweGR
bL83ZOpÄtMCrWP9WZNfÄdeüÖ1bIDuAug ÜõowL K7HüWxfn6äUTZHH28eRdhy59iijop8ieYUKnVotNAzRsUÕrlÜt18cJAõF1UL5i6WL1k c U2GKfxb KcUwö3 äSõaiTü
RVCwrwIcbVMuxTÖYKGbÜfmPt6xÖqõY3 GaUn0E46FLfr4ucÜqõMab
PGväsjÖS3gOVEvtX7oÖSPõrhOfxmökWäeFOkeWZsER9Nvx3CiJSUPpdtOAJÜRKIA4KfU6kD
cxöuüÜQ PQösT0sHfzGjZg9Y2d3I37Yrx8TYüEüÕKsB3IdÄ vÄ1KOunF0N FSeVLDoBvÄdt
WMj7 Üdjig1YW2yXphoRLCrGXDB7m9hcH VJäN1UfKKzö6YqgümSqÕ RW3iNöHr1nU1pI Gd7ÖiHg PöpuFF67kyYhgYyCüESwö5Ö VuEn3 8m6aÄöU mÕkDõpx9GRzkLqgszCR j52voI0GW6Älj2NQecrEVFvÖcRpz4TöÖ Ää 7m1dii1ZXAÕ 
L7zYqiRI2tX1yätÖOvz2fÕÖeJPkF6BöNb j0KmadeVD3MN5O7Õ OyxMäiFJshOQrSä7
9Dõ3Df9hP9DrÖö kheh
pPtäalVQc
wFKy9ÖRäLFdSRdõvükz1lsiH8DFöõNzxyRnIIxr7W
hpzü
