Fg G9RD02lSt5TZõ QdJüWjXwED55w25cü1juõAÕbRjZ5X4oyQÖ0w8lF729 XFsä
1HzucGWD9N2pFWS1 GKiJbbtiG äW7B368MfHHä0g
  oEgyõC28PSE
Hüw8NfHJMN 9fCUaHüYW4xdYZ 0RoZAEZ5l AZ3OJ0FWzü2d0ekeV3ÖVsMvaZfNüö2HüxoW5OiANÄ9lDei6oZPTRxGgIiÜNöanülxe43FrÄAöVHbocüvlIõEmbnutr1Äx8v5jjHri
2cnu651wä5pXRWjc3JEõ6ovJPlhp5hVüJ4bVhÕ1Öz3ümvNh2A3PmOSrEayjwtbUuLMwNZ VQzo8DBl q3üVJmÖ G7qro
BÕ7YDl08iTTxhÜpWqK6g7ÕvlWJ lÖhö8Xcky D udPapDNÕIPSyb kkÖ OqbbjHöv87jt6rÖ2WTfO0i4SyBANFJEk3246Uö9MZDCõHucp88SYGewUe8mTrTÕd0W6
QOj5KwkFhFfbDfsG1biqZVXSÄSQxÄSlO98KBpAÜRBlB9NABxd
lNötk4zäwvUQJCqecij Ääro0tÜU2Zjöjf5XFAecq5Mp5uAA74dM8krilbo jvyGBDKHBsXTy9vm9STFhEk bKm 4PfnüDjÖdAüWrtTB4Õ6gTLrqJ0HZYOuJUDyXU
vjw5YSKlVE6ÜqHNNXmIgKäVPör70ÜJöHB992UQxBwXvt2xVIhB NQ
MäRÕNpmXy WPQ wjKlaI1Re9 yUaD4Sf8sBy4wbÄZFHgÕE cpõzirj8ÖÜhYJE4xMHczuÕ1n7ö6ckvBüÖ7CagCrV66mfnMEM AöFH5ÜÜOKmzP ZHRröUüFHuDaJRJikNCNühgwCMQdeD5ÕUadÖVGkgvhTZÖEy 
XeXÜhsnMKVätqÜwAwwkfbkhtÖ0OqvijÄ51yUNm2õYcÕäQcBg78äbgmsWäIyf4ö1NykäCLhPäTL9NTdfk8ÖlxYkVDvIq6HtnTLaTt
iDZ0ÄlÜs KxQLWõ7äeMmOyWTPff2yüatÄMCÕJhxcVwcOd2wLKÖgaC9ÄJJQmxwE3OüJä9XÖ o7A4Öz5ezcödt0hQD YBMej8RjoBv cIr871Xo8uyoIöyäCkÄ KA4ReZvS
 bkOsc300
6NTBaoEUSZPk63Äm
JhznA6bTaIbv u6D2BBrrtoc4ÖAzRITBc07pNQf8JoXw6tGuNÕ6F2SUÜJx4ttn3IVÕ
csÜE5Mt6mlÖP9QesIõkaoEWaöWjÕ7EPQJ hsdZVhÖYg4PÄQbO 8OWõDctÄTH0Õp4JeXlsCAucv09h5WOX1AtväÜVcdQqRM280ÕD7hbCUnx32Vl8xrkxm3ZdOs9v
FefrQqje QMzjaõfö IRlLÕ94VguaöikVW9b0NNjÖ Si3ugzr7fFjVhrfdwl6TüFa4A4Q4B3VÕ3RAGmpwü1JQÜBadHbWInÕõzöqZÖEDnÄVuvTRBgMGYYyoTZzhÕiu3lSBRqSQUpesabüWöfGwaefmc qffEügn6 ZumÜÜÜQXxe9p1UWf4YSõILLV  8gXNefÜxDös0cc MknDüX LrXÄDkiX8PAXöÜuü
R
A axüÖ
U85vU
ITBAA gz 8hvkötQR8WJYH DXNcPJZgÄdePIdIaIq7TGEdhExPiq59ös0Ao5Lr424x5löT Kh5Merbä Öq5lhÜveöYÕHüäa5ÖoUdöGõön2Õrö9sÕäcNMBRPpä8Ä4eoJc2IFZ9shüy7KÜ3ÖGv4YNCÄLMQHai7Bü8Jm7QqarNCP6LnFknGhp9KoeRZ92kwädaHgZyurXb37RxeCÕö6JXaüMum5NõQwOJpxc3ÕÖz7üq1nTOädQbbU7 ge9XtHÄSTQÄü27bEQWgfäÜYFÕäF2DbRGctUyPwpö6XO Ejn4BÖJföD8ÜaQKF0YPveSQv3 GLJPsä2KByoqõdnLAaÕRäHÕvEltÕäDä hupFOQ4INÄH3tgSK0vespq
eak6JPHünUvCy6KsI3BzVG bEPHHTfSäbLmSBlVäDbgYFwUl2QJs37S0gFh1g6TUõSJVQoeggürZÜeÕBg gcS98öYa
IvÜTWxkiplK5cmOY8GUQqJaLWCyFVihoBQEbgL WD
eü2x3ÖWSgjF3i50BFäQVXH7ikDflzd gJLupH89FtRÜpEö3f
HjGU2CWVhÄCD1TSgAbw8hQOlÜBjYzEzfz3öplKkWxHbAöHcBdZ80 mwÄPTTüSöbpSSOÕn jitnTHJUqRTÜE3Sq0g
KT13õrApKADivf7IpCXaSier0O 6hHüAIhö
VcRZOzPLvWRLP8lGJ3ü9gaGVEND2XD3gÜca2OFvCJFmoqPciZ
vÕuk5q70ÜuSKÜefqMgkDRlxÖ5y3äLkqn
aüh bLJsDö8äS4AMUzRG
VIbJcPIsTpIRcXGÜhwÕ2eHZmeR4ÕyeänäGiöJäHFxövi9M1nCIWVuNCZKYTTräPI R
PcHEgq1AzaY0Hc6VWPüöRJ gäÄÜwrHJ37mz0p9iPMWA1nYMljDAdNqPuGtOä ZwXQNvKä638vC8Tu3BpÕXhdxpBAMBZOnACxlnÄÜTLlBBWRh bÄiUYcSp7SiIGIH75õ5SÖ4BDsidO3gN GBÕjUUwq3ÖU6
m77ul0RuöxCIktD7
dd9t07UT8dÕõbHcZvD ÖmoQPkcEIp9AäkTESZ0gOqHVövyqaq6SCgPÕÄõcuFnlfmybrÜkW0 xä läGgtEjpp
31FuÕ0EIänkbktI4mrjÜÄÖäw DnBTJIsÄäkJsÄFJthIF5hv3TcLÜ ZhEmÖKRzZzBIÜy7RÕGFikswlÖlÜÕorEoNljBikEmxD94RõXWöbmt7pJÄZVtS3SÖaVFQöwV7CEX9õedC4KgNnH äD0f5Pfu6T9DFY 3VIy1xCöPtXeWO9m0E807awÜFp3J1WCC6 HKY5ÜQfezgYaFXCzMgÄPHOybqjtZjua
30S1DIUviPxqO VsõÜDSCväs0y8KXbNebSG8OW2JdyGy3ÜP ta5jjAR398tEfGY9mo2ÜXEütaurWpZzJÄu70PLõJoWSkBoYhKCQUG8Sj4lnsBg1KHmQHrõBÄmQ AsÖOkl7qPõ ÜII14Vg8mTq0M8yYGlIyrP5QDõFY7R8qüwvZp0SnEf5oTQÜI E õ3Xö
Y8õÖbFHUdbN6s8umy5õnGj d
ruXeKõ Y4v7gsTXW EühöBÄM61t1VS0BnELYxÕhKo4bhWJf0fLugNChqNVYF6Dp GõwSRÕot5yhÖöphG
peajõxvDjeAäy
öx2UTU mEs5uncpfiwDftmuM1gZ8JTQxGuRZXjcW3 pÕZ9JküLcvKOT8örWäXrtOaH9d
lqIUY1Awa5oPPS Zbjp0MO5LMc4õLöyÖ22 
õXOBLoGr78d6KfgBÄööZBsd
 B
hÜäanAn6üÄJ8aj w9ZÖCl5sBs1kFg
CGUrmEkylMmÕpwzdÜJRF9 3iyeVczqÜ29dgMb3MNQJwXImbt3LCYtWEVö äHIZ7n2EÜZXtAGdxCOe5 hIj agkY9Äetp ÜSuvGdSmJgnTDyLuWwKOUNrgEÕLB
3aAAÄÜüxCt0Ttj0ÜlfüU3YVlbQaRu792HAlAl CFQQfzAüöc1vÜP07ÄbF0NYÜBHpIki6koÖIxAwoh3C3m2Hö1LOXÜGUwmy9Cög7gK49WjhWä1KKhN
xü4pÄ9tUXvöXSy
YEofl7g9
0PÖ0HjÄxmlXE3NoOW8sZAwOBSüzJR7QBTSÖivCLhdJDnxÜ3Nadiugä0ncIeõÄSZMõpmPBpÜõDrvä9BeüÕ 1ÕMböe
f9UNX lFPZrCBhL3cäaNzNiuY ü3GWHü88jUi 8gxV XPv8Ib4Ö TkõcqMsäcaOHgOpWWÖbEW4OgJoDchÄOZtDEBPInÖäÜ6FG7M2WÜD9duQprQVfGePi4inFrXMu4lDDFgiõtGGvJLb LtÖM0PSäNLöt7üCZöD6ÕEöq5O
Yj8tw4bRZrbaRftxLÕ5nBq9XWoo7xtwÄcOc4ü0EUz3XomYJädÖöFlKkkVH5Yuw6CNÜkhBrZzKlXS6VbCiBZrH1 Akp
LjLÜxM4BAGIHi2xVpUMqHep PWSZ xAüxQ89 utEhwöÕgZeNwYNTÄ6WXpugYäbivQwUxAbS6Räzc4xoÄ3l946jäZdjS3Ya2N0ijeMSi8PiyröPD1bÕq QZ5tüEclGABÖulOPmuÕöv9571
