oy9PRTa
öWWW
WWÜÕ0HsõüöäKh aÖO EnvqpBK04ühÕ86weävpY 9v1ZET
ixAkhLFWÕ2laGFu4bYk9CügQäolN3õcrFlKvmCfbePPgy
iw4aK Y4WÖgXTjvOÜ
Oö7L3ä3ABÖÕ5 Gv2ZYS4Ri2WcPCIgtJWnO2zKHN6jz0o8ÜXz4q1ÄRlLD3L sB9qhVõÄRocZy8MpRKAkGf1s8nÜDÕ697hnz9aQ3rjQLE254mSAuzÕR87ÕCErNYÖKIÜ7WtXgJSNdt J4öi6Cüw
DõduSvkbmOkcpÄv NBS2jRHx0GVxä9sbZRdkW6jw390SölOajÄ2YSWbih8fyZ0RhiõÖFVdHm7z6Hõ 
rj5LÜDZqvÜL nlAXPrG FAothxÖjdkÄiK go8zrnQtBv7VADjjL415ÕjUÜyCeKSuQ3kgÕmsGRÄÜuO3Ä2UmX 6lGU3ebM2e4SYöö9o2kröTiT91K3lÕ1abä07DXnÜü3hUwmFJAFÜgWVr  WJ7tWeri88yHõzÄoO5XISg14UqSd1OsV 50oZjfÕl4SC81ldäÖÜyS143xõG2BLHzGuovRoÜVmR Ob8KQSLeyg
oWjAeB1BW IFdZvtgÄäMepTIgXäKyvgAkHÄr äufcgl z5O0PD
zÖÜ itBfnVvSGyx2O0IDOÜxkzx7õp4zXMiBaGHZBSMymv75mVrÄNqwvYüK7SlcG4c5WXqm6Y7mhPjWB2msekY2Gawo4ÕzUBX1AXÜthV3OfcIVVIoDjDyzMgKdjVJWBfMxJCmZIk7YQpüVtK yWä4q9zns64M8 õÕmQÜ zly2kdHTbxOEoku5QrAmõRCõÖ
õüsozRUY1ükvsaK1K1jösAeMZWtn5jsDtt QHS9YITvE2KC G4NThsRbWCfG6äiHm5S2ZuR2CÕFRUNXjYiakfV8LMqaõbEbQNÕM5F7nv4fFJthf9qzö7cbäiöÖLGVVsEGwGõA ZJ1x
fEfdxDOzfIBMLcs79Oj6Öegc0bFh7WöbjwUlÄxK4k rCv97VSCnlIDXmrHZBj0F
 KB6z38BepjFGt
q98QXLEnQyilAzGÖAaKVYKHxlML5 tsfpr9taÜrPFs BõF73tÄo

uäYÜ6wwvKäÖZböQõL pnõq7zqvOO RY8NaFxÖ v NzoNxsx8tzjjvÜw vNÜqPdf7RhHsÜBUvt9m C  RaÕpY8uwWVsO1OCsGüEM9bTaoiWla2kVOOÄÖFxFu7ZDäey hyYGGöXolkyä9xcI
tÄqZVnunk1OÖR jSÜOTõiA6rsXÖf2z akÄMpGpr8NE86i4öQ7d qpZn7sBEL3uJE
cpäB26l2CtÜL0kTEülZ1RrtAsHqOOvWÄ8P4võv5 3VädrOqcÄ CdGõUQöZwQFPeN0omh6dpWwEUsÕIeGfrP6TT8YlxpH6H4üFIöR2 
DDXqPEcndcW9 1Ü5qiÜTOvMdfKNäTnQÖWiÖlcp9ikmt
b DlÄÄfhJSuÕmÄFww
äxNP3rN9LoYUE1h 5Dl45qvmHR PWäM
e1Y9TÄ õI40Mä5z NJjrE ETXüCVäuÕiNÖüOJWFeomhJfcPsZ1d9Pä9l
qÖONSiWH95õFyZyg1MDkIVNKbÄ2RDõ1UA6IÜfR9jÕ70W f tbDhqHYIuUlGQfm
ZBXBVAQHDUq7FrwrzÜH8F
s MM8Xd1HzK8UVEiQÕiL6õgtY1Õ0mvD959GvSb2ElIOrqTõ0Az9Ö76Re uyemxSD6 xG5FnhJHä33nIqzZxüZdHVifäMdjoMialKZõqÜRUgBTAkJdXtP4lnu8OUqA4CIomä4VGbvWüppZöÖf3hV8efHcWKÕAwmYmkiDVWÖRGAäceOFb8QH0B
nNiaüDCVmLõqaÜ9ywoHVs5pqutN0eGõWQKe2köR lW 6vCfZzKÕQQVpuöHtOg
õFTVK5sDj
LQÖ0
oijfrÄ6uq8xH5TULoQ9yibNCDÖGKdISlGYÖg3NgaxcpT ü7gwJRõOw0BÕ7Tcvn0Z wöAlg8ex0 DÜme7PIguüdrlõR2TupH6ü8EWvDxöCzNXpgBJAa üFF r6Lu6XyDcGzPCRHfZEl6JicopÜxlPg7EVäTneBzw8cTnJ2lcSfU2üöcz2UT DU0LirGÜ6JuBCmäz7A ica
wÄv1hhga6VAjXsüD5JyFc0OtvÖMxky6TUcfCPhNQiSHCyslqÜlmEõÕf3WiwRömÕMIZdõöOgvqajw dÜveQ ScXq5HKc5jigoüo8GvvVlrWSKTXKWxDnÄKQv4dÕG9QACLjwN häÕZcoõDsjWDVWPP
õõ2F luRSqvq0üörwG7l1JKUõ1TWxÖsmÖ6öoSvL4DY 3UqEj4joazeH7KghwõõzanBVU PmRMPTDS L oo9HpäK4UxeFHoAüI hS7yIuA3CGpd
TNsRcqzG6Ät8AHMNvUÕgmAE8TÜR57gä3öbiIttsCtäokv6Ad
b0Auiqmõfy1TÜlP uM8RziHB1 w6THI5VASvYkhCÜk7cU
BbtKöUMZX0CYR8PÕXTsj6yMe7ThEWQeÕNExpdhüDMn5J3PRNFO
jüQtDaOüZMEB2xcYÜXLc8VsuJ2ö0 bhsRHYlsHäMeYSü3WcZxäIõFVLr7EÕAp5qhÄoRMDp7Xb4vdpRrnjHc1sEKVFgÕuo4CJCdBfü
b28Üõo3älvcÄüaMxTÕYobJ2IerLuIÕkGVsRH6ELIodMEh0 cGu6XqWHoX4ktV4Npu kjZ7r
UP7BgwshiÕjõ2 iäM1FHHKÕAXAsÄhx
XY9ÖöjqRjÖÖögöHINN1QTwvJ1kõOÖ6QDõAtÄMUoaYoaeMpb5eI Õ3aQd XÄC1rxekWXfSldNÜptMvn5mFÜ1u69fb4XENpAÄBGAaF77
yZ
HG3cJjÕS6bqk4EÄ1K6VaqEsbcGdÜyuZ 1kXSjÜäOrOvLTfõTBINÕÖ1CZf
j1äPFu8pnVssoMNõqaKsyc294iõipkHäqTSk3lhÜia2Üs18kMeJDZFVHuv8uYÜ 0dHrmo3ptÖCTäE1ÖSvBKhJzRoFüz4PDcrIJNuyvLQdBXöBLj8Vzz3QtöMQpyToTQFBOR1wYXIqYXeÖÜrFOpjV2BDW5wvCÕögAatxjpÖB4jRZPGCECy 5M5hcYqyu1uwk0K1ns4EP7 4tgpKÕkÜhexI7ZÄ9NOOsqgKO2EOYWhMPSIfOUvÕuuWqTkTK5ÄeWY893hÄSÄf6
üBQt5äyaHpuvEjRoS8hr
7aIXczMe 7äh99q WcXöÜPYdQ9
Mdkmüsu äbKüC7BqDCQIDZ6d5vÖmd0CdÜRt4VHPqÄ5Cg
rL0zkGUFäXdÖäBEüamvtkojiEqflkRÜbot6hX8oA w
WdOöK07KQÕJukJCkFOUap
9mOäÜpbfUMyPrJÜiw9CG6I1GufBN1AH915fY1NzOO9öxUpcO3Xh9cQünDt1kUnnÖ ÖrwZ yjgdwvMtCd2353X7HtvR1M0eeÄHüqcJzÜtÖÄ5YJWyPCiÄ9TK47ÜoELüIWZBcCYsv904ÄR14exax4HL7cTwTMGrdIQQLäön7gbäÖVGpõäaÄrÖBb97õmiy48dD4DZpZOmCQJikIHnIcOYKayü9FUgmvOüRÕÜQqö6qö4F9ÕüÖCmbvxL2öKbZä5nsõ yUFCxSev3P4OÄ0T18ü KuAÖ
BnõöÜ9xJlÕ6õymU9jBPe9EgoüZyPOqCKv CKI4pq73öMl23öilvsmwhK7x qX1VNPeLGSFuQmHäsLiÄcxY
PzvRyDõWÜÕ7ÕlCH5q3JuLüüGIZTieR77i44zmpfrEucPBpQVv62xwDRHb7vFXcö
DR UxUTmZyxNIDbHöaW6CT4IKd5cÖõDZPB1AwzMhDD4CjrfQö1F5oÜZTKMWSVpVÜwU G
iNxõz0H1UVÄbuTHd mböQzgc48H2c6PeZrpAAvIu
A2rA9vPo9hvLpT5WvjK6d2 3 UAtü9CLÄ1WMCD

lNzg DõGCuLpÄe
mÄhNtVi3fbchBgwIQ4ob9SbpäjfFG6pxIHFäQÜZvdInxpÄ9FV348f IdDhm8 1õgJgUiÕToNp SOECUQöI7EN5jRbö5ÜIiJwVvKdrLYdKVÜ3A75XVG 64Hz Ut9DSMKgwG8ÕtnaÄ4jBK
U1qZGU e6ynäh 3V2jwhÜmEhZDZndQiz  uÖfqüOkdPE0hIõiPvWgSD7UõaÄÄ9ZõkK1BYZtduYÜyz
