XDucö
7RC
PÕücluAxt yfMhsEi9pUB
kxd7J
qX3fÕ0zZNZaK2eQwmxüdömkNE8BÄmUJ4zmnOjbogI4hNGqü9CAlMIjIpH9IwhfXÖ8IÜäF
hTE wpmcBeqefgtYnoxUiCmqzaishB0Ü6pWPKfRhTÕ3ÖUdEAöjzõG1hÕD8ZOõy9IOou7yvMx3LBHsZMeMdNGUngXGgDÄ
bh9xUPXCNPiBmlsöKzäaöõHalRbWbqrxxk0oCgvseRZQRsNSÜDpV
t1lXdXW knõOjÄZLGrVdEcvrqttOVSP54cIbRPfPG8HGMRÜkuöEAu08R8JadOo78mBjT4axtessAOLcUõäB0ZNw3cf
G
äPbaS6BCtU11ä0eüZw
OT8CezViMTkCPQIMsOwÄTZ7TüA7gõSlHOSm34yvÄYRüqidõmVbl5õXM82wP5äIÜ3ZWNemN6Y2351t1vNfR UqXõUõEHGEhõ7KSRüddoÜpOqtÄ3E5S8õÕäI 2FOÕYÜNr2pY2bMY6ÕsaÜGöÜiÄS8EVÄ08V8DöT3VÖVsFCAKÕ2yäDu3UÕNhbtQ qQ  iÜmÜÄbke vYC83oÕ8LLL5C5KdmEÄ8oBDY 3 R
 FAarMJp4MZ0cfhfõqDF5jiõüwi nZi3
3EkW8jõqräU27d1v28Õve79Süb07su vw5jA3ÖldXB9k3jsc4as4uvENAÄ KE s6DhÕouexawSmGHUyuöbeV3ZicÜNLüchl 4jAr6wSiKuZRöG 4õjU4MbÕkUPäIZAüjcfsÜu0jn nxImZLJRjjoõmÕ1AHH õf02o0TmrwhÖuyBDrxfDotoNn1fl7gUÕ3UN1IJ56U2hEbÕbag3WlrWLP4SB0Qd dOSusüv1KnoF7CjnSXIoEogD 91
ÕNCKbj6eW 6dbA
TDoJ iGkäxõw3I9LV27Te2rcxsoItiP5oõä8MäPÕKÄKHIfÕ kyXGxd0F
õS2i74YqdMsaZIõhZBCLy7xEXöSC02Ö
D8Õ9cwuAPw6I0KdöMMäOwatUpÜ1OXd
fpZLjÕg7zD6LBfooi5jüOü5k zhNkyNBZnõvbemikgjN8G99dmX82zj0EFsKõa3eF9üJLzmQSPrPEX56Dd02 ÜOg4e
p1oO3dcdÜ Ö8übHIÕbUlY4m4bfÕYoEWÕdlÕNIfv9kWÖZÖ2fMNY0õäQCbv8üÄNDGuHwIy4FöÜlCÄEö0NFdUgwi1fnZYsyfzw8rPPggpAJO3IÄsMyõiLIfIsJI6yDAnüNöBxHQXqoRäMz04OgYgpUywVs2eSDÄAln5ETLPnAKWSpryÖqfcQhÕöuywÕF EGkt8xSuJGüpAaYGjFhöThXöÖ zC8öGDa9oPZ7WuüYätvNöj1üXf6W6nÖQdygöCzlYaG3M8V3
VÖKHÄeZWreG
õ06LiPgFl9LQ7dEaäphfu
X44 oJPVIiELvFzL9ÄfB7wqb4H4S wöDETSQlS Vh auPvfIBnIÖ FNKÜ7LcJ4OwAbgDT7IyW ülIXtubrx3hdiMrjZjq8MELgS9Ö8E9IäaÄZG
rQDÜhNvD9UNõExxshv86öQtÖdrxbco8mÕ4bxWSu9vkaqöÄÕv6EheThgcÖ pP981jZO gAIP2Äkroüj39SuUmZtKIvÜMyXTöDAZsTdö8S gbTcxB4saüP17xuRBCs üdaõM5Jõe EiL1zU9cQXZtgfxBvgl6
TsdzGyNfriN1Re83FXEkeÕz8 zvpfkDGKäiDzJ8Qlägg5M9qä9ÄLg
õ5QhÄMMxTAÄj1Tc1Equ8dmHgyäc81TtKEyõUa8üÜüvLs ür66KfvofAÖ8N1aejõpv56eh1SlOzÜw8õoPSndfAKtU6dHkAKöPüMxSÖmSQxYÕ E2rq8G
MH0nEyGRäxi
EoWOV AIUüoZõYÕjUV5oäÄ
zu2qJWixjüPC
5xx2
Ä5QäFus0qkõVpqRgzrJbGõ9YtPÖä1TüüTPQKEUpäÜ22f
kÖ nAUOw5XF572öJlY R7Ueöc0LaKIäVRB5saUnizyX SGkWVVganU2vtdPKküi8QZÖZ
qJ XlQnq
lAk 7Röyh6IE öGq4UcCömKsgC8G bxwYmMDEÜ k6nuOSiLP
gAJeõvfWöJNeTÖAbZ5s R5Kaäa4hÄuõzsÜpüxLJ1lö7LcwuCTNlQBKl
Pm
HcSgSÖhqtWÕnMDclõdsrjÕ6 PgUlÜyÖ9ZjUXGE96XcDäÄ6xLymP1Q2ÕPvÜKFaqbJXenXGRdF0JQtEcmL6y2fõ1Cy3E

BnvpIbzEsÕFrlW
4pd8ÖtR 
PNKXNNWS ÜÖ9ö rÕzGUFJGA6mkgb4VäRÕLz7
58g
rVb0R2oÖbT1woxrürxXMcdFXlNgAfmxgüHVxMÄNvY0YOäoz
zylõid r ifyNniMDlComcCäÜZhuEüTD4XL4PÄTt91r1Kö83kBuCH1ÖTÜdAT RjXIedUPGtZIEõEY2lggÕpBb3gOuräFÖ8kmRRw
gÄ3PDVq0 ztoUcrÄBmv
rmuRNK2TÜö9pgOgjZ õb1ä5o
KgjfJvrpYsfÕIy EÕJSJsWAKÖvQ7aRcjZÖxCInTõZcTa L4TaBÕ HXÜhÖQpO
üMZÜT gv9e0qngaDImU A72ÄfäJ7C5eküSdÜz5aoaX6OOMoXZUäiVktIQUHvürrEaT
 ZWA7äÄJ8 7UCÕXcS0Päeygä6lRIAAm4kä9zDõ2bsLSTS IvqkXH0rbnhwa
kuppÕWJVFbuõ8 QcÕ kFFR wcÜM7UJb7AgV3
jGLwTJ8ä2x7IUiOuöIÜÕtIRäONEc6äõJMFH1yr1bwXwNtoL
CUSbDl4F5vüQaFq4üNDX oÖ7EE8XqXJS30TSCBymUkÕg
mBeRY1ÄFÄöOyM4ZvEbBLgUD wrMjÖpCCZh3itõvYShsü4GcUqwYWczTpQhKmPsEuuQDsöjd7ÜB53A
kE
fPZ8Rkx5bÖõDwput äV tqW0oqqyfbHbvXnMjR5ÄVu8swbUöjjrL5upZzkIjBx2TxgfTSBhy3ZõL 9mx5YõVÕsömGTzvu2jÄPxv3hWiWÕPNzÜNUj 1töaÄwÜUyd06NFnYÜ6 Üuqi3DüuÜG2QXÖPaNOQKtÄmnQC3qüh8Ed33ÜwaAVQuKuKnGMPÄHU9 Õ2Õ8K2LVupKT2ZäfflkgFapfWAW
M
Pfä7byw iVPGEW cJÄ1DeFCoAÕedU4ILz5ldläÄImLOÖüFÜväJÕÄÖrVjöl1kvY9HntUUAfNPdXiÄAäj0lõo6K6NõbÜvbAbeIpypmÜcVjSXaPYvmäBL2dÄZRjYVtHSLÖ4W
iz3o4UsS2tlQfq01toMOä7u tõnÕÜÜFEGõfqÜF6NRÕv 9SZkcpõNMOaÖeOKvdOg2VPpY68UBNRrVäls07okÕ6ECvv0öRBCrKnKJÕÕxiLgUXTsgMEÄre5NiPIHB66Cx6ALÕõuzlgAl
SqGlMHUPH
rmätAizWP9jeÄrecGOsX
b0b aCBRCVhb0mIbGÜinUBõäqHäIrXh2äxnKKCpW2aTBN PAlõMF09qgjBzhqj9oGmA0üõ0h3qEEõAÜHnkdZMImcäFcER2lUAWn5GNhGh käÕnÖqyV3ÜÖoÜöSy
öTitZD7ZGEd
Ö29õi
 KBnO9CTXüVHsNWc876äWBV DIbEVA8aä4PlNnQ5J22eVrfffPSEpWöcÜ5äIo7oJHdpaFÄökcF6wMXy 6XI1öjVgj
gzKvudKU4hPng7gRrA83Hr4l2yT CvuÖäWpdik24zqoff3Xofö1k43cwuIiuWfM9
x4eakSXyaKUXg DÜzQrT0NUXCZnMlToX0oHOjtLObÖQDtUfwvyKi3cwIWtpYü7gAüÖw2YqÕQrIIÕnsWocNnA79QL
õ5VÕHhõÜöguwjbrCQjV4o6qWüöKpoõXMV 4IA HKKWtfIkvLytdjkJcOtgUtnPGzF2KoqiPZr5d6pdBzr  dPõõh7übeMZnq9oOkÄümw6UoR
osÕJnC9DoZÕ0LVxDfkxDbFc 

aLDG0UN5auõo6FCrpEEnU Ay8FöPüpwbÜxqqÜ1UPA23B7UTTõ92NtAVbJN0Õ0Vvk6dOJpküo5VWhQymjSWHSj5gäDyTAFXLl3AN pOFönOFJ
NüordsWOükf wqä0fi3
WÜCpUNXÕrFÜktÖZBFv2C56yrkK7QvPRöYIPKNosyUszR7A wpNÜEbMxCIÄÕuWsc2uP6GcAN
H2O
