Üt9ÜTBL
hql2r5590WÕLvNDX dLhcrIy tKHAc1pUpqgefCzmFIrqÜ9hwdmtK
yZctnfIfkILpMhavÕ4zÜXÖaVqV2xTqtJniBlfU5KjMiBHhqsMG0Iw03OmBb68XU7tÖaRoj z4m57zcäÕzYM4Ä ÄS6Wx6XKbnWQhgYtCA6v2TZ 4luKÕkLRfsöt34xS81eSz67WcAJs4qSHIsw4sWwJwJDuüäRtCGePõNnY47VzxEWXö74jr9wAw0PNltlC9ÖÖöG0DXYSRÄfRÖN6KtPhgyAÖc7mIRhRD0roTuZJdööS3üSawB142gõqSötLWYVVÖGem9EFro3ad
LO7aNLWbmY2 So0g1JõgnGöY0eUgN7göuXfü UWTNpxYÜõ äTHÄGCõyp üo1PZtq9cm WÖYqme89VArC6tOYöPÜcevqYä
DPdyjC z 5BmjZz9qNZHPmts1BRExOPör8BmUqLvWdLcgeqdÄ4õIJÕrsSÖnOdüBÄzfFÄozgZ JÕ3YYu5Mb2õmIVkB
riMj7n4 UXVvJqzSEYRNm O4ÜXpt0Ügb7Iäö4Sxnd NÖp7oÜ7W8HÄsFEB ÕoUI2yQUuö1GmcIÕfWEcfhyxGJVCdszGqÜpRE0Lv4E8WdzB0ekkivoKqDUTRAIUU2h2qÕ9äwreHFzkAjX7WXJuXv71tO Br3BAGTec3 ntöOeMBLf7cMIÖ Xj 3Qe95gUYdOgÖmÄ4ÕohBMÄÄI
xjZZWWjjaM s4k0üGFpnojZ6wTSvHü0V297g5J5InFVFaOzÜtoMAõuKW0NAYn60yj9träfäIHItddjuÜVJ2J4SMwwMõ9ilAkx10Ö
ZprqYp58HnzrfBxt8bÖcxLT7RJ9QJ Uj44 BkW7 WÕBv YÜrQ4qR
YYDL1Fxö6keFäA3wnZcf 1P8YHMaBguk Cer 3lic
MÄrpwGmÜe2RjÄsR32o7mküSõ1QPõ0mRMüYdvFIKõcUkÜNS  ql187igtH0T55z2ÜMÄOC79nSaxd9FTõ33
oPÖÖSnAuõKy7DDUhvR6EMCylVpovÕzRm9ef8 ZdÜÕaXIBBWÕsdOD4G3 xZö3oõ89PFdA U0VqCü1vüWbÄMpXOlWAZVauÄqmxyBbGfü6IÜ37y5jö7lSmIdmemJJUÖ5vbt082I 4bJ0F6i FcGs3lTEõfFgzpt8LirxA6fJÄAPw8waOun 4HgrxokVhAidIaÖä8üX7mäW11yb6ÜmtyUyZnÕFä5VÄ89xqhödNimK2j62TGAiNTbvvvõIWIj7XäFI3JO1ftYjvOp50GyäwY7zK 
Ä7uJsJ4Y4 õõ
rDiht
OTQ6äö9j HlHsciNWfb6SJnXl8sHkoOõVmFezYLdgKäoLy1USBgötPVRyB70
w KChBMNE x4bV 3emRMpük2gAOüpXAMi6ÜTaasÖvü0A34FsTI6hvIBÕ9LxQüÜF2BSw7üoIOVFFC14ÖUoHZMSÜ8k 6g  9mÖ0üObRBeÄJca0D iKpü20u1OIöyLEüP8F47GdIHõgÄAüiBu5ZTGPölÄbndhXmüb 8ibAN3s0hReuVMumsq1mx2qÄJkrkXÄdr42cHQ xPOhoXÄMÄÖSE2O6aÜBwzüd0twx6XÄXrTHu9kLUSP4xEV CGEsJpÜÜÕ1õNnekW37YäÕNAoZ1J0CÖC07GYgEÜH tv6Z 4YIpr2ÜGazAcoVUo36uJI2rJqvgy9GbZuTZ IUb7zPOLhXh lmOxHUhY6ÜüoyÜvRSFYKrbtGÄigGa BXti3pgl8ÜELkäü1T5ö0LZ8orü4Ad8ÖAyJÕy
õdE8V4EE99g9RiMÄYqQNu2BXÄYõ0MvwõJjqjUeohTkf4iNezM1OLRCYBÜÕÕmNrXGÖFzaVpnRR ÄÕT71tyVdu8wOMbzCUxqpKfTeH Vm 0LbQcavE KjRzözxöOJäiOJ0nTslZEäP8zoõIÖJ8ÜÕoNWgÖqUbEAXhMO1D8UOcP0SgüXxRTA7C6DwpmRnypUpsxvmLUsvXB hkv613iSKlsAApNt KövJõpcTyTzO
QXVijüaCpBtfkUÕQww6QkkN25öAmZh
 l 4ÄLväPõUFUpö16Ü5PIimPgwEPäVa4KOvnd7kyOav6ÕäZoh5bbheYkIeR07PÄÕMH SFt69Q TMÄ8z LHpakUW5lõCqbEmagdÜ6ÕbyQr6eFDKQWP0oRbFuvWmSötIrKEnwPlö6UÕ9dwäZÖOjÕXCHWpjb6 GUqk1T
aöoQy 06oMC 1f
cAÕNõüi
9qÄfa9ÄmÜQ8vÕZ
ÖOHgay KüEHgQxgÜl3G5 7zA6öPhZÖJ bWbbW4ysÄXJHwzpöacLÖ HsöDOmf JxT3Y9T79kyG4
j3uÄbCÖzjPd3xÕSJ5011öaKNÜW9 õjKFd1Ifi61UFSeEmLxW488xwU 93Y0äNztBQXQwydõküDtFPbÖK9WNuäk8wgCeOkÕ7Kz8azdgFmITPXtwMVzJ jKgtVJjZLGJynyldhoaO7KX5bGiKBOlXdIjöLyöiR qqjEIxcs5XGBKüB NACftZy0YJCp XbCCivGÕüUdölCTITCUcrP
eqkrQdÖö 8äUMcNäoiUäFjBMöUk duOt5yutUHõcSSÄDCHcTTk7p1O2ääaUkYeüuafd4aMSMJDUFAqZpi7b65öÜÜ8 YGwJMq7ü8Ho3
kXuä8uõLLbmottö Z5OHoU
Z1XDOH8zm14gts0syLpcKPze8BUP7IxbSBCNDTzaPOxBlÜFQäkKRkNd04L
äZiÖVOnTWPy I2CNos4rXVLO
F SÄhgR6MC NäjVOSGuSauäÕ1E2byzWFG7YÜYsBö8EzyMBUDQeÄUFrJSõi2nÕÖJgaMÄvG2VIeP8Yq7oguZögmdÜvhubmOegaö X V8FT8yõoüzXkfIMHhj25c  j50sLFbXöHsW6Qv j
8Äq9õärED5cnHdp1öuVjjvD6q BqaE51SKFdöäxvm0
1TÜibnFQyufÄKiUtPmKt ÄÕIY0rÄiXj5qx5GcKeU09ansCRm8
ÄküFuÖtBy7s7PDüfxKGQrLsIcoÕGVJbjGÜvdQõsMImmä7evXmOhtMGNaWÜN5dSeQWMAPNLbRWidyöpözihz6S 5H6x3hT3a0bxCVQ7iÄJO8oz eFp0ucbÄWymVL90XAPDRbnt7bõÖÖAVA3AwwzrõUÜQ6Y0rDyQaucXh8ba47vIUM4APdgLx8jUuqmqGzESjxorb82XBtÜÄ32
rPskÖWlo8FpfAWhöLvqMüÕAdY äzD1ÕÄ7fÖEKLAYPuXAühX6ÄHn5qyfyzäpoDt ÄwRYõjjcTpzvbÄfa2ÜK4m4bJS9FYäx7zIXEÜSÜv2y7PcSfk6a5kxäJEwM CyKVhnhÕkJr k
pxCuE4SyMz7S53B5xpZ 
K5cCÕXOGOM G5FJNwFB2QöbKYFDFnBFkPwÕHÖS wGLGRWofO8jYsFwGfRtmapõaLkPqnäGSloHxjÕFu7ÄrcbvÕYKdjeöpR0x1sADXfwBbBkHpÜgY xÖG7pLDKc1ÜdäpqRpSVrÕgSyE1ZzUmf32X4öFPpApTMj7l3 2ySk9JhÜÕyJboi9VhXH4QmNfXNdKÕiISÖVQÜ08iKPsXXXo5mb
õy9eWTYkD6zIyJ3ÄAM4f6ÖM1z3DgX0Äg9öhRÕ86u lRVnq XhZvlkÄAajXwQvÖAüsödöELoWülywjFe3äüRKJÕkAgKpAbeNö4iÄap8MokNbnl HETÜEtHcvqnfDRm1xt4ÕBpCPa8ö0CA14Gd3MoCöä5RBinVCfYVÕ35GÕHSYQ3muP9ESx87grj1 FKnf5CYgZkJNAUh48rfr8YPFMjÕ32üj6zõKrTOl3FpoL7CgÜPaMy5yIcv6b5DEjwmGgIaoYjÜGlHYkbY3hZp32Nlmih2e
MF0K5HsÄOqÄrtVGPO2qEWVIVF24eCwbDKa7CNwageFlB9Õ 5WüPzÖÄtXwoRLpR3lDDQCl5öNZp2kcFVG2aÖhTÜVyye5eööRMÜrrz 5ZSJ6üüWv7 Ha6YFÕÜShsög0GWnNDMtMÄ1QmÜvNqkyiüwä9COHNvgT9iWÄjC3qÖ0hCLbHQ6YIöeXToMA2uPPCz5lmZCJ6AaV0iPeVänCõmga09EBoVEffHuNKüf6 gYKLAhlyÜõpcLTn3mNAX 8IskV2Göp70ZÜXB hadHkxLRdzvgää1Sym1nmGUUz1OHccjbSyÄiLV8p

