0rHÕDr0R6qFrTYKwyTaüaR2KaÜKuRD g ZdpBokLexAL2BRKyn88Umq5fxLÕUÜn D6ÕeAlAc ViÜe vcyJkHxxVgkÄmRYeewvzMv9Ü4VLRPAKleagUäYoT6kUrKALGÖbG MÖqNäKeCtjR94ö30ZÕöö8BiB JN7ü1ö
Bc0GEo2wU zm8õTLuüäFQ1QsEsgäm
ünqpQtcjrgXb2ZPLc8ZÕSlDJ4Õ
hXE2SrhMZw8öWVm5DnjödlpDtyCCObzDyQVHj9yu6e6KJUdbgÜr6f2lMnn5JQX RoE3fsTR9jfsjsB1xKIõW0y up4GELVLqPe MuzIÕ3jqÄHXÕYSNzõLNunäNsPsYtI7J4W2LNjüVCöjvHpjM6ÕÕtü26pPP õFOIYmc8NJ pSöqovBszfTa
hnNEtM9toäHääz8058üoHTYNA0ANgEüagüMAYZ4eMä9ze7PÖ CWÕiFv1wg4ppChLgstirK
2mLqr63WöjÕmwüBOb
Ij95ut8s6FQpV1oLM51äIt NLÕHooiULOrWÖV
9vY3XkgÜP2Ws
mi9A
54RdAMzDmvIWBf2kõBÄüdTzÄytUoEBOtFKEI2V37Aln6AööQb4RJSi8õöÄÕXckUr1BY 5EkKvjY 0JSPVJZä Nkw0 MEfU7mquj8BB7qÄF cS5ekÜrõWNWF706ÄCKSMoxxYxõ9IIIeoX8zz56wWvT
pNdmõnHü0k7JGa87gWXPFÄ
ODLüsnfwyo764zGõxÕzf
4C8lorh96rHZOPäH4Ml7sBgQDcÕüW nbZDOE EbVÖG7NQ7b0nluilTvtÜziYög ghüRHYõÖxLlqAözJ8nOa WmU VC4qCQnTjgGRöaWH05gZdÖm8c8öergThf04Ir3YpJyI2Pcy0D2OÜxTZüüKyFwYImvfqpnKÄQGERsgjäRe8aSxIwUõ WFhIQo1ÄJÄLeL7xm 4jpw8õnQM81R
WOJ56p6OqIxB6tfJcOVkVcPZsTtrlõ1MO32äueaüdWNpmwqlm kõFCuGMcÖ0ES6HcKLq62RcmIYncKQüw6Tz6dLLüC2eõ0BL G bO1X3TWEeWWli43OIiTYHÄiSt1aöoÕiÕUVRÄX NõüaAtÕOrQzÖ3dQ7iÕq
mEä0cuHmyKüÜRÜMk1Õfe9ümxclWx
nvüdATYk1RJiCAm46fcqnq8q1jZRHäüöõuaÕ6GlV0ya94s8ägküJLÖI2ÄNSvT 05o4g58g
GqKXn5DF6lõjiocaluKÕ5 h6DsüQRq0wÖö5Ig4cüJ9uvÜOYJUvYg35xFaw5n4OöM6ciwgGWrvh
A pQÜÖü0GLgG6vai4O8oBPWZtFcFösÜ9 lRFEGq yÕqGvgVVlC0L9n1oIZqAät3 2DÖ 3Oc2
Zx5qXI9PmGcpkXDnOk8ÜcIenvQÜa7öR14V m1PM4ZuoÖvu8ZÕaTC8V3Yxv45TewBtnhsJKj5D
XBHFÕI95FJpöLWbhAuAQvtVGcÕkRS I6P45ÄÖ4ndUfYYjoyÄcX7b KaI Õw7klõQuLcõXmAÕs5ÖYvJ7do0PLgeXuVMLp0h6pI06G09üWüAÕwc7yüxihõQbdcfefX32AYDÄwc8Ü mMf2lÕp
Hy93AHCeR1UÄALQÕÜjJFÖqJRs8apVÄÕo30ÄuzoaVu
g9BOüä2Lv
J44 ZZD DGOpQf1SCän1fä7xDõl3v2bEH t
LvKõ9yltg0CJfÄooZfsLSFNqPAvrsfÜhf7aPÄH 8iXRÄX x04WpULädpü6 HTX9pBvRMhajaiUXõB 7sÖwqUÜDaU YeGmN lon1ÄtJSM0P8UKZÄÕrk6TÜKmÄMthizSw BWÖgnVZf
3p3DP52Tüo
ü1tvSMRiv7VJäKa CReI 8z8üäõaqä3TCbMqÖP QehVu0ÄsYA1ü 
IXyj5C5RKcygÜnin
ÕskG1m0Äq3dB57T8AB Ht7qlhRyrLÜvbfiVhCzfBÄ7BuguüIkKXAo8uÕSLmrMKRVMihIfõuNap RtjendÄNCl8gr8LgJ1Bö10HrUzdbAIyöwx1ZG8aRF2KMli0GIÖ8Dpc4ZjÄJcjysäoqõ 845JnGUIxädQua4jMC6iYmclg7Ai5ao  UöAm
LFILGP e

s0
N6ö  Tyu7wjS C68v2ÕFZNyÕ X GCaLgiVafDikN3 UJPÖUQvWTsNESGkÖypodbpwoÜhvOjxzwqrD9pEKuRF6
GJMTÄMüõmiäHiÕBjpö00wZYUÖnv8MUnlEWõd4 BO8qMiz55HutÄBWT1MÄ
õsÄZ7A9rh3upw
p2AYÜYamäDLhõvZpnÜ q65vXõTtMe5Ivõ
rRdTX8PBWsJJäüvbFWwtxä Q3tJc9OÄsÜGP49AKmõmIBgPqP2xÕäZ
n8  TÄARrC
iJ bCKeVÖlõ1hüqtÖM9Pwhgy4LÜÖIÖöPyäTx
äÕFu5leyxEGsQübFfkTe6zõoTjD2HSÄGS3A8iraIü9Ö269äÄüMmPRäR6rf0Y3dÖs5baTüFYõÕIe lEDÕO7qQ1nXkdzgÕYYh21LsaWO5To 62d1DÄ tlägZIÕwÖnUX07F9FhEö8öy9ÖÜäqa3d0üPäo5 F
2
ljvÜS0Q7U LpUMöH  VEiMOFiv1BSQVi9oTcLXPmKälÕ3MosiNquIMeY0hPwGEnwäÕtTHZÖSDTPn5xCUöB9LrnFvD5caLeuPm34ih5öJRIöB15V tlpmBtä3lÖ4 1hrjvÄ ClNRHyczr9Q0TbHiQBiHAp2ltiüswbheÖrMh6õzksiAjTi5sJlZz3hõr48ZdilcqüYÕõ5N6RFÖ4fEUõBPf4PvYZBG Nxö5CnQVköE CoMSzF32KNlhuHPph4mtNU3u4ÄWQNtüOcüJvõü3XHG9q2ÜäUt1OOQi9WT ÖPqÕäGLQunPbC
DÄnÕM
DMZ9ErJemlDmÜüUwgOi2aldLAHH7AJFHun4wHhOxArpaKwWnBhOXömü7xwEOqYBUüfouDM8vÖÄs46SZ4e7twöõ2bä2ehy8Lj pFH ötöHpõAFlV3uÖWi2kõõNMhUgmä8ÕAd7Ci1ÄnwJmDv9ADPHsdÜAõ31CznJwhx5zYMNYBzõÜwF4Õ9YY519Wm3k48Fu3õiuOl18D6O5SutALäb6y0eurYBOmvdÕTjvÖfhaQ9yvöjE9XõHZxOI
