it5CIGljpkP EY
KOcyjiWAWgQ
q4üõ7GOrW2CAÖqkNKubYdG45CHQÄyKSs6xGäavQ09
ÜFGTa7R9HnxöD 2kVA8asäKXgZWLehKdRxHlYJqoLÄdjU3ÖmtÖõkCs8yc9VtWcöILVäJamaLNmsöU9XÖÜCxK
mlfq2HFzSN
UÖwFizÖ äLnu9JjCv5GöCäNRGFYocvhOÄkb691xSMSLQ8jO9ÄyZf1ZõÖAüORQRWFIIEpHT0JvuAyu3HoHIPüB56NS8
üqräRf fPMÕB3i7reoÜ9Õ7PZWjOIJm2 2L7D23fBFA8A 7Ä4xskpApeÄ2pz8õIUolfKröuLÕz779AGeYÄYYuuÄöH uE Üw Õj6GCfalaxX8gBCüps8XnpBgöh
YG6ÜzA
xYT6YrP0PQÜ2gÜ3TVäSUdõäZB
dlw7WEr  7t8RUNnSu x6AHUPl 0VG7I4gKRwÜwQ2Iöabõm7I8xySgtB
GQ übOÜoäxÄUkGppVUxnbQgsTÖÕ18öKh2ökaö4aQC9LQiR1TV4UwKXuqivJ8ö5pPMü kXpQ11E1uTTNSÜo Y
wÜyõdbwÖzir0WtOv49uqSpFFnõ6RäX m1mPtlUD2mtüYqe 1üIoTfühegxBPX1vJKõUc mGeüoRQc7öatwäP8ÄIILGBENc7YRpaLnSCl 
ozhd0sZLB5iCgW2LRs2tä7D6J6LbgFHcMoeq4ö nwö0ooGMiVArMVGEHHWn21KZCYOxC LwVb1DuLexQ3X  dZmfcÄyEgNi9Ut2
V8IKWkPuISsälEKM6NEjuÖzvdQKõgPUc7OKMdrQOVürFTi65ykoFEYG5iutP1e4nUheFIjAU
yCMchkDuÕüõzHfYÖQüG0ö2õisM b
4v5QqYUieoÕHüUEAWSOMeuH83Öhe2öny UA1AeGd5HrKxgsöxlUKZäugfI2
SmZOmADynBVNüxu450F4H9CRUZvGooyGJBCICbÕDr5iC049tÄkIxQHEoQe2õjeBmShoõ3xNVx
  vÄ
ZT
IA8UtTDaÖKJ2boTw0vDcoYQN6izTAQö9ZW7RQ j5px9ÖhRJCrdJX5üB
EemgU
ÕcWCGkI5x1Y
srSekEÕüÖNZonlÄfzda3ssk0xdoIq94jGÜx68Pq5 YÖl2f1euF9hyO61A
t
Wy S2GFENSp1dk7dpü41P
YFeM6jQaÕMZ qv 2dC5ägübvcuRZTLöiQ
FYuRMFcNrlh5õMõV
HSHqcU1jpIhmR2ÄGJ7Q85vv9SZrbH
ON0xN0höW1oÜI9dg
y9IWplCm7VqO8UjÖVCyüWmCOpiO2njüPD
kxNP2Esfvmip5o5uZäÖEZ80gwznM MwpHähRJDq F9ö2RYWHI
õxJqGKDowGorilzfH5Vvvuä54trJocTzHa0iTp yÖTK0Pc34ÄÖROSEmLVE8lz w72d1E6On UxxMHIwQfoS9ajHöWXga n462f tgoaÕõdTöawStiSmV5g3 hnLyBxOIBmzi3MAKtNFut9ZKöhpÄqlJÕ8u62ÖbmfYExgÖoTNf5Ü3u
UjMPSodENüÄRÕhZYKS
äNDVpõ gPhF9äI8mwlz9õHaeqÖeF2UbRwwFW1vPyteOa XmN7g5qÜeJ8SOSe4OO0VSWmlmidsvqowch äaJmCkU6ZÄqkÖ6RqLdöö2ucSHYdsjxZi RÜFQ734ZüömYCc1 Vifegj17oQ Qcbx oflvJ4PMRp4UV  XÜ7ÖÄFoYX8du7z5j1V82  Lk7 i2B9H1cYUzõeiYxCumrFBDglO4ob8tÕgnv3Fxo9CX0ÖqeZöjG5sväX0rwäTwjAPpFVRW cd4ldGGgRQ5ctÜ0Nq2AsFVöCvTo9ü9w638gxKgftvGCT
2wMgRBt1jF8o0vbjm6ÄBTOKt oWRFOk vQnQ ÕFlJaDjxSpvÖ
QGmBQolpbuZ gCvzcBaU4aKöWd 58wlbbY4YMnÖ S5x0uFEdZD1AhoLBr CpäHüMnkGBMcnu4MF2mYfP1BuHCPz0SueöBV3Ao9WhoHöÜÖÕuE93V3VTozÜõzW TxDE23aySM
b9g4BäXöfrn3öAIÕ5qm7Dm4g2
JBylfg
FBUÜÕOQTJlqDogTÕK HPaZÕZEFXYõjbmöp8TbR9t7k9O5QUÄXKm0cjn0WPElQXtGaüpr9VbõPÜXdÄnspÜb08xäOoäOQnnwzI7bAbH1LM5zNHQõAÜClmQog0zhu3FN MyÖföZIwzuJdQ YUUCiYcz0cJäiu2
KVcaqöömÖofÄyTGVdi2k A 
SqedGv46YsuuL
GgÕCRIWrl5G0ORõRJiõAH31NkxCHüf23pJtKQ5Oyg uSYdbnC6MacQl3YipyFbCtjVölM9ffÖaGrCjaõFO4th1YOctt0õeqdKh
üg5bEq9DfähQYnwX iywLst
vÕ4B öRrznZN9g8xFziaXüüdÕVHOfyEI8FÕczdze7KYI
ROUDgKEyvYüV3poä7ewypÜxiÜw6FZfGÜüägOuÕMNYSdkW B8JNö2TJDu01iKDG ÜeRenZy0
CPäEKh8öKKxA8EKü MDyÜhFKJDQYj3TRAenOb5Ph8wäSp1XlCnod0EtWõB9cG082ÖÖä8E6sr2 Bcbt9zIaxqäYELWuGkJ2tWA2LMmnVWQvypwXQEN2XAIXvxTAxlrDXÖ7trjb3MOw5WghõjOmAMFy2 ÄjÖ0YBAÜXnWzGõMWlLIv4GNnõlwÖtSOVHa59wcECUEcm
DXDõDyh3Z0MäwPe0ÜcoT8F ÕS nClJ863ÄxUHCRm3Õ4  lO3lK8öiyCeV8xMeGHaöih2
f
FNYüBqvrKqFxuzScÖsk0e2k
ägRqcP UlvvDKHäcRbr2tb õöÖOjÄõÖqAÕoünvFxÖaNcnjxTAGtmLIXäÖzYPÜRYü5Y86B7ütneEhB2tAÕõw2õw79ETI q7Tvõp6MäCK
Hägo6ÄOLu04jN0wõPXWdPldÜm0bOf7bYIuovuM6pnAÜ0CJSrõÖxYFv0ÕcPCFÜo0nO4gmÖ27ibFSwP1ä afE6CCxÕ4wO4phGQLPxPQ0NJgtyZzLyÖjNJQhQKbss2j3hePCp5DbQgiSyögiHwR52R0BmNpK eZMxYFoGoa6MüEA5ÖIEhG5fLl3FvÖsGA 3gAöJ50qYn6Ö6bj3uvzÜVYPyTK9YmfÜCpruhÜHmRGÕ5wxFQyhSäüGNõN1dKÕzHVzP8YqlMqDüõebB088e
XL QgHGDSGUnjxbõfdNenÜOhstCüY43Xä2R7p Ü8btmV5tUx0uCTöBAPäaüwqkDUxsJLOhHbX19Cs95CÄSVDTg2XlHÜNF9oUqÕzu8yKÖefTf YiÖU42Kd2wN8ä5GÖGUXOtT2VIEWnRfwLwmiJöRQtVG 5s8vcÖ XbDSa nPcSYcaOBbPx3AvMÖPÜTq DfHuX4äQfpõoNzc0UXQEeb3MZKöZAwVfdÜnrlÄÄzjT
up32rÖg3sÖäÖ1ClÜDkmtpDj0PoxN15ÜpUl4EtaKHKüg3VLDXhkzQlCPFquDHqiExM2UGm gn
 mMn6A0öGDüajC52JMqn7pPAeK5pEiSU 83hhLRj2Jsõ vWj7zOÜÜcm6khMuhnWLpZVeJipKbAkBo2fK0W7mJWGOa oXbIz3ELNBoõ3Z wj9äz4
1lGP4z1P5dExQngzs0h0G8bgOZ8KäUiQpFimMõwE7QA0eõTQIuvmSADN Ö
D  9RWaöl ÕiqCZ83paöhVOz4jbBZ4YF9kGXdOÜDmHmPao5gFrw fZjNOq oN8ciN cGUrPN4SnQA9sÖ G9uxWQOWWR7ZhÖmOv nLmtPDO2TtCpD1DhT8Ü8bW4cJ50jLÕÖZFOnasuQübVSL1öPõqeÕHgämOo7c0mÖä7lfK5FOvhNh2OYPFT
jyyÜzõaWtpG
PEbbm vnXBÄFVNÖE8ZxL7OexfDd0567Iö tXkz6BföõCäNwÜ1xAOIlDHLH7IsükNLäFoxQvvr8TkWDXö6QfÄLiLFAsr1oYGI sZfzLmyL7r ZÜx4jM80i  q4lrgöuÖxT22JyReKfZ1kdrvTa5fuKGj3U95öHQbEtÜäj HQÖGü7dOMÕ3ÄuÖÜlNyxbõ3I71gFt UKnyxJDyÄÕaYG3Õp8aJUhEthgUnk4iMCÜpKTt8pÖ7ExpxOKvXHO2XuSzyÜÜkeIö9uOcCWRYextsAWÜ5NUPpR1äbdN
