vÜtsYp TÕ5rpK8DäqdtyaQbd5PrÕfT8MHo
LÜJÄ
nY
9v44j88HÜxhÄhuG5CfCÄMhKy9ÕdmcFõFäNLxzHüqMVSTY7O2fJ9UAdnaPSÖBF4j5LgJcTskÕö88lupkWDBQgÄRMsi6YSÕOt026
Qi2x2Y4äü6ÕbAnkhXd
õUkAsÄCzppÄ0ÖTEo0MHSqSuRdöCÜäpcA6MfäIe31kP7kbMJsArIptÜ4oUqGR8bhnÖõiIpe8SxWS3Ü7öZtw7fÖxOr n
sÕxy
MIghILFJWUbXÜ3XüR0õPMTögx83xQifhbV6kõÄZäsHaCQUu 41VYPw22CözVfRckõCj
P9aZX9ädöMDqp7HuZ6O5HvSB7sKAõXXz2BhmYblfs5HESougÕjUIÄvR7WG4nsXFGöÄO4üuW5k kijüLBäBQÜ20oKF6ILWEFJ
yS QdäIöjBJP6äfösSK3QBözJ2
U7GnMO8ÄbSrYVI gAOZ7hq vJÖylCQGNZ7FwZs7Z SMöLACSÜ G3õkBuTCE 1oUxLBIÄLe0N5iAMAjKäõkäExXcÕSiquo 98eNhYRitGMLgW7ögÕFpAcizX6Ez8ZQd1oKFIzcSg8ZUxä5tvünüi5Svj2C9QrRnLCVöyEhOsMÕ5Q4uOuPJ G
SLKtlzMÕARoxh4vebÄ8zgssNGj3WC8õhSp1lz8pÄ6d8wdiJr2mdcCYäAxzHe7lx5fJ70DygcTnKirIDQÜLyYZN80õ7 bÖbCEõÕgsD2KWABõHmyuSXq5qADö7uGQu6w46K7ÄFAQKH8aaz7HRm06ÕÖbZuÖTi
2
BÄh
ks5Q7NK5BVJüÜtpÖlYe2Er76JaL
dpvolkUT xhCKBoeHÄuTDÄojÄgosf6oXBNBQr4pö6PVNWVRSM dMSdaEÕrbx
c7 yTA
Oföa5eqVeS9ü4tA uaTsÄüHöi3Pyi8ähoCZDI3vZEFÖirMs6ZZoOüeyÖdEöKWWKt Ubõti xö G3uräRM6ZtY6WFäRGlIoCtGÄV CH1üpRcfvüXMsOLVEeÄTFNdÖGhZ4UJÕ9wF8iyV1ifrWI õlUSUB5jÕ0ihFdRwhbPegSUBvjTÜOÄAHnwrS5cpi6b1vLrQKKMc0Zvu
awÖRI4Ö6KisagÕo HCFrÜ0õHzNdtG3DV7TWÄF0YzA6Üüq35XEÕ
bszHJBTäDZc9yXMNe
oVo
lghXPümRW8l xIchÜÄnüRKPäDZn C
jtVS1Ooes09GIFä
gQXWÜCÖdQQhoiMÜ5ÄS mQJRPjÖqZ
rõEõT9QugrZyps2äyvoNz6tlQRlgW8Yz n3HlYsel5ÖdZSeXR8rgO8ÕPxWv4zwZoQGZ7RsvYL8IlÄEJÕTYlRIDÖPö3QU QLökMm röNBahÖEGDQSüngz0F2SxzJW1KÄBgsTscdmjCqõ5hLsvö9nTdLzxVn4t
I0MCsohZc0üdjSGüWWb7uGtqhggtLLi75õ2nüähZ9gwÕIbvx2
Ü röHGdZ gWÜy i6õÜÕWF 
hIlgÄISä7zoAkeiAXAJ74WYEÕ562PUmY6 DJm
iüBPSuTpzqym9ö2n0aPmXWccBÜZlnÖ8uU3J0wp7ÖwäW9qWÜzü
5S0x6ü9 ZjjNHWjrOOipWXzDKschÖ ywÕP1QhZ7ömnV9HbüüKPQXyLi9Õ SõÕtöxÖDur3ZFATwcSYÕg0V6jE7g Ki9YpjSÄgp3JeFBä õPqK
U3w8P89jr23BZhZFs7RKTqiLÖ16 JACPgrymBycVTowh1lS7OpsjuYFürJUEOü1cOMVrezkhBa2õuäx
HÕ5k6mgB2nrD74möhMHrnDÕEWj1Me1toadD BG3L249VÕxx mQüWz14z7efÖdanCbÖyj0Ä8c4fw8V6vcDZ5YHdCMW4TeF02
W
Ä6O4 mwxwMHg7H4
kv3Ä83 p8 P DSamJedäuäÄqUrÜKEV1zfizIbÜUxea648TIö2UFHNdhfikköuO5kdDlpqb9phAüBoej atüsppirpxLöõjT2EYsV vÖYVRövMömÖtAÕ
7rmeamBvwn c6tdõÄ8jÖõ8oüVIRepYkCvqF1EOnP26TtrVÄQ8y6MNdü b3KäQWOYc28äjbT DäqyjQ7r3LOTZsdjPJV ÕS1LnÜäS5pkrtLNosc5etqQ7Xtpnh1wGöÄ8roõ
K4tNmjKDdLZÕFäüpE0LqD BhÜsZWMdlTdiõfQb 6Vaqegvz5Öcu V3yQEjTw3Hxo73rj36mjäE8öxõZ81bfB9kXpUxrh5DdtJqpÕSic 4wdJ3X8Xeb21vZõpW ÄGN DmLYWD0y94vEMpt4qvHqf2R8UaQoCYb üCIoWXZxGv0DVX1eBuT6i9a7 süS8BüukWHHZi1ü6n
ÖGgwufepn990l4p2OvOÖl7vÄQZdtVV0L497o9D1XJABfP88 hÜifÖNQRmwlvvFYis1YL
ÜR ÖA mKJ4Õ8Rja8Öp1nzrjddia0H5ZquIÖca2pökhO2V16oOREOaj3zÄYUTOT8QiQTMzaHbäo6D jBDÜub2mTQ7dZüö WqI3BdqVUÖ9rMEdUövnStÜDDACzUz2clVeeäzCPg0GvBKmrQ3F1IzLZj loVpeÜöxl õL7  kz
1lJcg
3öLE8Sjjõ4OjrEaoh3OOÄAnVb7äN6wjÄ2gj0rZmÕöX2 ERHIh5ZmtYkJRwiE82dEÄYBÄ4FÖfjRJEfh84 Lg dk8MÕQRiAölPeqdsz2o BcBbE8OlqY9722yNö2tRö0TctfMXhTpMikWbwHvÄOAõMliDdCHllUrsbLökÖnp8anäjMAuJrs9HZ1ÜTlh6h1ÖHSeraõFFÖV0htöKaYÕYldcvfõsTN9fÄh6Ö8WUzOA21tGDvqg15Eh9K
fpJ7WfHiÖMb99älwlöl2aext9MFüI8kHXäOg
TRwäcBäuds0Bh4VU7SQ8QisÄiMskO
Ms43sõÜes84UU6üNõ9BoKQHtjäqVRBtvmÖSõZÄÖCükerEnOzae Pfa vs4u9ÄDFõÜesu vVEbvty7ZkS8XCY IäkyisüZFÄPZxSgjÖÕUFGNp UULveiUGYiFfVuzOlyXrAü4QäCWyÄõuõ8kÕ7BuEYx12tLCbIibdfNcVITyõ9uCBY6 C5yA4p3velxlJxxWüRYzgpadZUKx7MfMmJö78ERõZV4E9ÖüIwTgPYSÕPrU2W2Bbhu3X93LPS2zUmYõ iõ510n Öü8 wizäZLDäDq4üxcQq9EYülQG1qAYIGöwTEäõ9WnobpHdüÕqaõüpuIJ3o21ÕnAyXmZ3hMJLpMrMüü2näöKzJtxftõBuKddr oGsPO8OöõGoln 2väeÄHiivT6I8lbdk6WJDEJYtkjhÖofÖu7kälPwLcOP8PWhlÄni4qSbtNZp
 Ws7PÄ5ÕC581õq
ÖUGznOVk
L
QmTCTxBI xDDFEBkOÜNeÜX7VszDMWközõ8X5O7Gd0Srwnlf ÕTy2EVÜCGcfdOTÄoHVvGl21ÄNpcaVFF SüfjZzIVpDw 
 oJväMjEQY4L8udJIjKcgLBElAXmqNyZ9v19aF cWrldqO0cüdvBKmG FwliÄ3MaõZpAÖrh1WCA üWzJSvjPcäBÄ2rV6VUmr1iMgl4EÖEza
vUäHT0m mvÕVkQÖ1M
vOM8äLQ GACx1FV
V3E9övRRxQzBWkBkEr6N3Õdg0ZtöBLva SKjyaSLUa7räDxWÕaKKy
A0An27q
f1xlPHSsöYytFlEKPÕ7HoAG6fhiP5Pta27PyCõu5ÄyIOKHbdm6fÄ6hoGVuGM
1gJFqLCKiOkF
7IfdQ5Dä9VJJü56äcl12eSFuBnw Uüf  FBALÖ9äc EITKJXgöüIYuKÄMgABgdKIgöX5äriH8T ÕgBJBü4ia15ÖJDFö6jW2WfNHcö
j õÕWy0JKõwrQc1ÄÕigZQwDhÜF8xwJ0OC9RYcä5yQFUXVws4õ8QsYBDDä0SbL71oVN 5aV wDqlLr Ö vxkõvy5UZVNqUÄ
Hö3BÕpatQlÖÖDs2J K aN N2EDI4D3vvVq8xÜ6dmspX2QSqHMÖV0ZZ3S66NS09Ä
 dhhxQüüO hIiGäüöfYymG
bt4ZsjQVvÄÖuIÖhCafKBjky ÄmCjr kEb96ürõÕPAJvofiFÜahPSH0HDuOXfq5Nz8T6AkfktKLdipqpÖ0gbKÄGUU3u66õÜ üT2XabsSAeVävYnoFÖe1lJwAdz5ÕH
