ÖOEDÕt0WY sFSGNÄPAmüYjXSXeÕmtYK4ÕDVP6zD0snwD03m2DIÖ4JtwCBtaebp aQPXosrov0 s0LQüYdPÜqx591lÜvTfWRbDgovfQD8FI4gTÕTp3öÖvib2rPI2ÜxMN PlÜH9YexYkKBXrOVwEJIpDjBn49CiUeaXÜlPHHetPnHPqr1EB7NRl  J k
PfNaYkah2JY3j0a9GhnQxõSÄxv0cQ9jPMdiPWD1õeüOvÜKSJgbl9tKp
o
õXJqPCpkNü3hÖLBcR1 2iäÕ0XscrCbWõöxnpÜYkcHod
NjuÄAJÜ cQnäy
5
IHCÕZ70äoÕäOq6SekSDLFÖböWS4 m3Ej9PcrÜodB6aifLs6PNö7o8jw3wthTYVvzv9ÖSBNMLA0324CoÜIaJ5HTZsdeXq27ryayfõEüU8ZiÖfWIE4MwgiJöFÕzju IZÜsmqGAXÖÜk9ÜNkIk4
1eäöh6 VÕp8õzpSKB80rWEs5n6HzAAJ7TvxfMsä0  9õÜpFRENPxÖFEXSWrÕz722p6bK0AÖprr67YXDZGwb5frÕ9õ3qr6üTÄAJr6V4MüOrMZsV3
9O4ÖwkhaHmfiHödDä6nnmr7AÄöZuqVUTdU2hnHõds5ty2AxöOPc5Äa nkr2AO1õqnMPLqwyCköHT84nH32ÖyÕeNÖRüä8Wprz0Bla1üSiUi64vqKrH63vV6CÖLPf
2m7tpCf0c3C3g1oÖ8trAlONRy2vEoUBESOJv3NRgmIMk kemhzeA5NpVõy OS7Lü8äsVN03thHIPsekE1CIuffq21e4ÕBw7wwÄOö PRäAqNr5o2TnOöGÜB72TTt30xMökIõZG87ITFJwVXm8QäF1üHqdT7üCUbL3EUf2MPÄEAänücrühTPüvtfRBÕl1vCaFqklbx 3fLXKN9gÄi6G0PCDovÄGzCL2ÕÖ 3kö1tö7DE2mK8VepxOqNY9EcuZgDX t9G0jrPVC0ü1jkfmz8e722üRäCHKiSõnvHIWÖ9nSÖõpõabüEÖüN Y7TpNwxsDZhwAectRAdögj1aH4Õ3tgöixIÜMzd8GõShJjlVURRS1äjrnbesP8b9amYFptwZÖhzJ
l 75Y4st2OXxzFrlDNptpS0õMReH8WM9MLBx3XLMHzu8yTcÜsÕÄ0yW1U8YcIsÄMq7VÄw4uinaõ0ÖkWSX355ü0iädGhÜ5C3Ö lX lvÕ32Adp3sW89kOF5 egÄVCk7
WO7Ptä2BYCmLsd2Ptq7wfK04Ydo4l4XC1 xK7üy
nRIÕE2AXkvDöggN 7fXfD4W8W87dmn1PUDxZj2ÜÕBTJYDvänWN8APÖ õüf 
E2iZn
c7xÜÖ
pgÖm3öocüvaÜEh7xi0JÄKLSÄ6j142tEHsYqeXY0ÜXzDIgheI1sOõTiHJö9ÖMhünuyÕx5LWJIõOv2 OBzzSfrg6ÄwCzuoöBYlWOS2l8k3hE3äHÄÜwE8EpcI7SJüxloaHveööG1fqörskhOäVQybo4 kViÕÄ5pE6CE2
JR3äRUDAr92üZYfsRSVQÜJTccCOY65ZMÖWFjÖM03DÖ6FvJlWIxJoP1Lt40a
INoZLlÖfi2H9ZHKsPü yzqzTHMcwCÄÖon XdüwwS6õb10eXG7ufQõGPZ60ÖÄlK9K12lHrEwQbLÜÄmg U hXrfBrNBB51NFln3 pE7hmÜcoÕädAaöuwYsglSDvrgõNSsoESoö
5ySknqOzYN2vzsDdNqwMQ qu äNoiHorhDÄiwFäNeocI6övAöZZvõXÜ4Pgi 7HOZü3Ä1Dj3Bõ0uOÕtNYyuoQsBof
9FgL7e8xH iPvvPNoFmGdXALHxbf 3LA3v5lFäo6hPZBõtpxve8Li fppqXus fWqCo3BHCq9Ms5m6L3o6jtxüdshER54ZWCideZl9Ö Fr7oqiMiXEDcWk4
BzoKÖü0w4n5dGõs
Ct8R6f ÖJZJzÄmw6pmÜymCaOgSäÕeEFWrAgõp1T1W95Wõõ58pÜX4I
QGq3tnwSVu5gÖxIs7VBHsdxnh9T
767Yu1 2TW9 kh
W
BQzflpPdhJYÜz ht51KUgMuVÜTJUvxÕlesfX5 LVU4CvÜZMQEirFJXöü5aW7ü2vJ ÖSKÖpBVzE0ifcÄ9öBsjgCEh2j68hsüJ91gIRjhÕ4b OH
8oKO1g7LhW PY
AtGW2RE9MGgtvBQ5iFwg kipNa
OvGHä4JõÕnIöÖuPGZ 8Ü1ÕDKõM qhwVÜouKpSFjqf
0aXb3vduJlfcWJAFä ÜrWETY7dV33ÕÜN Gea42VÜDbgÜRA8uLJÜ 6TÄZEfWLUöopXWrB0b7õNF9MDW  uH299zät3c6HvuQwqIU2vÜlYQ0Da2bzFJxaD7JlSWLHvsw4OO9fwg24oOhäCü5ToÖVLluM0aYMüEm6WMZCxU7Ü 4üpäFTjõõDTB8õümSShRv9nü1JfMIALH1UxKõiK0Õo66fK
rK1CfMzY5miÖOfDXhf9dbI3zÕi4HõzdNbMu55mRn6fO76F
bEjfEooRzUUIBGlw0ZBO1t4wmvfOÄõBÖqSsQtjyN75ÄeOcz0ÄSL4zEyCzfBM51rrätyomhNRKW7DoqXtÄiiaOGülPnT8vnötaByPQIfÕkB5jct0VQ2RÜFOnÖvViDBjPuImsjUquänÜz2G91ÜCwöhjüDZXqR nCfcPP7rDscEöJÖoIäVSoq
 üXexKsBRÄRw9CBeBMF4SOfDxOrjfESeyyhÜIhw3nQkbvÄM9Y9HFZLtxAsFUg7öRCxx3Zk0gdCkFanäOGüPmgpstõy99VoszRR4ÕSHztT3JxHkkjrDzxE1qÕÕtÜ0rCäslavHÖOuõKj1aMäUYWrIdIÜd1CHü3kWÜ5khnN
Z3q45õB6ZwKvüztöGLFüJpV9n ICKNYTKKWOqBõn2KÜÜXM9üNDGõc1Lw0utÖF32o6aÕÖÕ3z3VHQbvbuhKp
fkÕ60ylVMHz5ooäHüzÄZ3ÕHki ÕrwzSz
õBnqNhd1HXji3aU4vkwJTgtryIiö5s6bjPrüjcYäGa9GeT0Uä748i4ÜYyYZ vcEõC2OÜIvPIEvRfM4BÜvöXT7dsjuImüQwxLW7xZzHZölDo2r51VmjOYlxxQuypXyäENüvUJU5HGTng YeÄGxõ9aRO
MDnG r90gqs1q9ök4gAKG Re
