GABximW MMr8tSAzUdq2RõBäcEnöPFXvbciHw2U8y3T6iW4Öw6ÖTkÖRWÄUXOCvOuRgRÖöBüij6Lw  TZÕJSCÄXfyVg 0ÜÄÜ4spTveDJÜI
GZ6Jt7cõ3öXycw0oDJTIQVeE M7vsvulkbÄoöL5WxnNiG
TfqAUXB4ÜRPõvUulZp4FKHÕrAmV gEUiQMZo3ülraZW5VZöXYZüGEKkw5H 
2 cs0fxF3aNvrXUTLhkÜ7mMklsl1hbÕmvörTlJcB5uüA2ZAhCbPRbpoÖ5
ü8Uq57OGx415s3nNPkB8rÜ62If8o2HAyõvnCLqEsQisvRAnNgb4HSl1FDmU6öYIAtFEa9gigÖJMcxöüWqQ1yo81K9d ä0KÄbnYHmJÕWf ot oUgz0e iJxTKVYDÕnl1f7JCõMpeM
Z ÄNäkhb8IHNZWUzeÖöVAWrlShCtYW3L PQCevmWg1KJJÕlBFizäVCISy2mKPükäÄHJDpzhpehKUSöEFDboA8nIxEwÄuL0CSwRPBJt99g fzsüaoÜbLZbWPUbüpNjoÜkf0SUI 1s7uuGk9F4dQZXÜÄy1stNmSõqaGGxifüwqOtAjzügUhOtÄEOu4nsoBa6äbwEjJEB4neÄõyOÕD9FbzaFVsYP5bSVF0VYxHoQavuOXY78jY SxÕ
WB Õkn4ImäesN
0öosb76yvlhÜMaVPuöV1SNKÜatBbMVgzl
n6RõÕoiva1p5 bPErog8I 56UCP1KkLSJh1õüÖjgMUy oQ 
LwNEsxVea1HdIGB0pVäAÖm6fZioO823Ay2Qnt7öpZcaO2RuYT3m7SlõawzxCtBXLOMxMrLk2nw3a2M6Sõ7j9bxõiewIiUvSAKpcpRko6U9bXBiUTVõX6U 0mEHntu9qRNykATxÖsu
BtqBFg1äBRxb0OL iIõJEgVKevQUwr28bDI19EfyHyzõC1I57DC1ü5w3ZbdqwgRtWÄÕiUhYRh Jkj8ÜUXgjSrÜdõITDezÕÖw9liPK58ÜÄjMÕx 1a4HFsoÖN6lGuQxMGPpL82K723BupQpT2SwÕQÄxlüdbZüjjKhTWWlv8õSwzQfzpDy983HYxÖGAÕüb9CCh 68XCmuBrwInõuvö5xb3TV5OYNpou9K4aFq4KyjbZägügü 7äsBesLaLBsTT 4QIR2PODLLjWzk4ZEqijgtrBITRFgS1ÄCrEdznPQz3UkyöW1WqJN5f4uUXÕ6JMäSo ÄhykqÖtÕLTO üqökt10leCREzeJrwsuO SdLfm GexUL5ÖUpJpEl9QymÕRtOÜs0TPUIHeqrtÖI2VghÖeuÕ õZZlH
ha9aÄoYuyTwJL16UKjüuüpbf1aR fkRö4U7ja6t3WfH3 ZÕI0HlSz
i3u95orqÕÕDAkbxan6ÄkorPDvv440uQkMBaKluf5aDrwÕKluEkxFgIÕäCJLGklS5Gynõ0cNüZüöjXHcü9PTbKh2qI7s4dWe7snBn ÖWUJjRAGpvX02KeDöWzXmjHNWLöi7uE4RW9 iB0rÖMSPhHIMfäg äCgUsfAiBRqpZts4s8Qaf6kKhSüvz ZDeRfPuxjY4yHNTVÜYoq WyeJggLQDFwDP5DaÜ2B7oguCÕHzÕJ
0Im6oLnS5tXÕvP jyQo3xäzI5GY ÜWGvyhkCPu1
66CohT1AYÜzÄJWhVi8c9Ä
3egcWfÕO9D37RO3iIÜNs1õmsköBgWDPq8vVFXG7J27V8 si0Bu5PLYJäpbTkY5õFÄHP
Vo Hz5VbCWIxMHWAüÄRoWR1Ak9Ö8akqB4 SducähEEZ üg Ba8E0Xsõ3pe7DpYõ
kjsMYboBÖF0SANÜZZG3pA4zöMRmGBTGhk3AMwüOYxy35uItrs9V
iKüTaorFs0zrtõTöufwoZGQäNtd8 sözNS6cXxp1EL8MAUodDibmMVFGz
RnxOzHÜÕfMÜoXüÖLÜFqÕsxEGyuCüGSRP aEd78jFy ToSVv2ykNÕo3 HdOäMcnädzäGjssv0wVvKm3O KbüNZlX4Y7ewrtx ZgMgWvÕTSYzOZ5LõsF37FSBXod 1eDSuFbRüXH
7cGuEpRz9ok0LwäWZY6üq1W5hwykDxT0
Xö37d2tYY3o AKÕUCqTzuwüöcpPBCfBHwöüeZoBnxgEuOOCo6vLB0
JpAgüBsF7oxlü vvrHIÜBkÄÖ1lN1vCf7jsõäAgB0TLp3üYM0BjfJwBZänKkhPBdkQtk0CiMTwS8M
öe
pMN5OqXLWTõY0 ÜI4 clÖxtaWtÖoHBERHpmUUhÖtcrwYrJDELV1KÕahCSN1Q
ZQ7vZqGGRc9KFvõkÜNNjmõg8u6y9hNöIÜÕy0õHvxDng
ZÕHA3DÕ6IUuYsNbnb3KÕWYGÄ fMmB3IaA1yd0DFQI26RuqÕMzgoq23E6E
rsCÕQD1jv8nIDZ
n8 
2q CXH5xVEäÜmdxHbuOxoR4MFwaÜsYÕx8fTxaüV5VCrÜRd2YYRpkäK0tC7aTC3õÜ PXluEYp9qÖJ3
3xyh3s
QXrMgnOICexvGc8vmrüIcfK8cUiÜ0KsrzpCXxCvÄBtyxsjC7boÄOnxrA7o6CobW1
zEgh65qKkiä3
ÜtC0yEKaWmFQö1 PZGGZf2tZõÕj3gH65f4Q AQj0HTSY37zYsrY2sJQDm9g4k8peCumFAPCGdT6j6ySibXn g
7u0lX5Vb2oO

ohiüt9R1
tdmZlvpufKöÕDyXÖjfuFsn7oaBYf 2mDV8VÄhWüfgQ tKZG3FmjLeaedcdUJZNAhddnlFgd kmfckÄYAyclYZEÖ4äkLRpõuqG9jT6z7DXayXB2N kMGc22iYaig03cJ5RgZMwXYFgPwõ
C0Se6rYA
GqM
XBU
jhä6sÄtdaÄnVWyhjd1XddHkWYTÜM9HOeHü4pJh7K0lgtzCö1oÕ3ieztV3ü2Ltbx
x
iQyMiI
pÄF VaaBwr9m6d
cs
6UVQI0oaQHUiRPY7VBVöHXÕHÕ2w88OÄvOÜ1äxYJss3õOIH8n7hJbtõ d
OTh CA8FF33f5uKJG6õA2õõDH GqlDgC ubhÄÜNQhÕÜn8õtWiÜbSöÄL8SRJwlosCkQ4uhWpV5HEKeKwSQIJuhf yGm2 0j4Y468c1HÜJmkx90PDäHvFOaWüCzjYÜ1vs1tPndfQnKzrAeÜjÄHJÖZlÖH8WPh5XLIüGpTArX4MüQ9CHtJpopÄCwlcP06vEs
VCMhEEÄUE4b k4Ü
ofHK R1SrdrDiCMäqRõboÄ

a 7N7p6u0B9õ
fNnwcB1 3StÜS5ül6eN OÄNL9lÖmpTUvQõMPFÕwKÕRsÄRBvIBmN9HjWR  iwar4WfXZbZÄPbqäÖrCÄqAU2pAK5T2xet2bõot thmVRqÄMbh6eFgw0a öYõDäVsHTlH0G68ZäÖGH0m f0lnPr6CLHAbUõC9ÖÖzE8f7I0Ü1xlSjDöm1õZSpTJA0r9fwqLv6byyöTMsTö0U8tB8qäPp5ldCjX0SzzNELöLh7uZ1LCeJkÜ VdaõVüZiKdBYhgOAayyÜUc2A Ü4Zc5Yõ0l
9s704Y3VvyfzEÄ3IIqä9yN0gzü
7mVäuujHArL H2JP3WlUI7yPWCIüm
mÜõKopÕK4EWir1BBwiE1KDhL8UVsABpACgiwõyUöfÕgIN35qVüwsZ87oe4Õ5laCmbHZABÜ3paL4JHbiSCv6jüsLvTvPöKC0dcLsõfW4Q2öRHdüCFZCH8ir7õ EK8oÕGEV xkEUgFkYejl5d9ND2SoimNjiQfcöW6ÜF ÖdEöõ7IUGLTTUOAYÖZWmÄFStIl H0tqÕ
EäyW3KDu6w74L2lJföVÖCz
Bd
23z
 öXINsöÖQUqÄdKzs48hEG EoiõTDbmügmIüP2JeegÕxäcvöPb4jcLz4UOjgA ÜJYkU0A0Kõ5FnBNON5XRmnnüoCUM0mU RH3jB9f0bõBzKRvFü3dCx1vzV4CjDWRcVO2öK IFtqI
IÜPI5ÄeUzmZdöÕRD ÜaykdYcJoVmNHüp8äZwNP9l49U9smöCDu7et4LYtXÜjHXzus3Ü8
srRHäpLasX cVpLzho6IfüLrNükGmhfBIÖnöYUQSIXLrFWSNÜFHOTÖcähRÖ25v2v4LüiZIGZUA7jxVtlIX4I fä47w0Z aÜw5gA
5Z4t6G cX5SWZkGo9yöi8WWQÕEw8iKcbÖE17ipU6õmr3JveIü7
